#
# There is insufficient memory for the Java Runtime Environment to continue.
# Native memory allocation (mmap) failed to map 356515840 bytes. Error detail: G1 virtual space
# Possible reasons:
#   The system is out of physical RAM or swap space
#   This process is running with CompressedOops enabled, and the Java Heap may be blocking the growth of the native heap
# Possible solutions:
#   Reduce memory load on the system
#   Increase physical memory or swap space
#   Check if swap backing store is full
#   Decrease Java heap size (-Xmx/-Xms)
#   Decrease number of Java threads
#   Decrease Java thread stack sizes (-Xss)
#   Set larger code cache with -XX:ReservedCodeCacheSize=
#   JVM is running with Zero Based Compressed Oops mode in which the Java heap is
#     placed in the first 32GB address space. The Java Heap base address is the
#     maximum limit for the native heap growth. Please use -XX:HeapBaseMinAddress
#     to set the Java Heap base and to place the Java Heap above 32GB virtual address.
# This output file may be truncated or incomplete.
#
#  Out of Memory Error (os_windows.cpp:3713), pid=11716, tid=10492
#
# JRE version: OpenJDK Runtime Environment Corretto-21.0.8.9.1 (21.0.8+9) (build 21.0.8+9-LTS)
# Java VM: OpenJDK 64-Bit Server VM Corretto-21.0.8.9.1 (21.0.8+9-LTS, mixed mode, sharing, tiered, compressed oops, compressed class ptrs, g1 gc, windows-amd64)
# No core dump will be written. Minidumps are not enabled by default on client versions of Windows
#

---------------  S U M M A R Y ------------

Command Line: -Ddebugger.agent.enable.coroutines=true -Dfabric.dli.config=C:\Users\Admin\Desktop\luxury2\.gradle\loom-cache\launch.cfg -Dfabric.dli.env=client -Dfabric.dli.main=net.fabricmc.loader.impl.launch.knot.KnotClient -Dkotlinx.coroutines.debug.enable.creation.stack.trace=false -Dkotlinx.coroutines.debug.enable.flows.stack.trace=true -Dkotlinx.coroutines.debug.enable.mutable.state.flows.stack.trace=true -agentlib:jdwp=transport=dt_socket,server=n,suspend=y,address=127.0.0.1:50523 -javaagent:C:\Users\Admin\AppData\Local\JetBrains\IdeaIC2025.2\captureAgent\debugger-agent.jar=file:///C:/Users/Admin/AppData/Local/Temp/capture9247731038438732711.props -Dfile.encoding=UTF-8 -Duser.country=RU -Duser.language=ru -Duser.variant net.fabricmc.devlaunchinjector.Main

Host: Intel(R) Pentium(R) Gold G5400 CPU @ 3.70GHz, 4 cores, 11G,  Windows 11 , 64 bit Build 22621 (10.0.22621.3371)
Time: Mon Oct  6 08:15:07 2025 elapsed time: 4.907679 seconds (0d 0h 0m 4s)

---------------  T H R E A D  ---------------

Current thread (0x0000022fe6f9a7d0):  VMThread "VM Thread"          [id=10492, stack(0x000000b345800000,0x000000b345900000) (1024K)]

Stack: [0x000000b345800000,0x000000b345900000]
Native frames: (J=compiled Java code, j=interpreted, Vv=VM code, C=native code)
V  [jvm.dll+0x6deaf9]
V  [jvm.dll+0x8bccc3]
V  [jvm.dll+0x8bf07e]
V  [jvm.dll+0x8bf763]
V  [jvm.dll+0x287836]
V  [jvm.dll+0x6db315]
V  [jvm.dll+0x6ced8a]
V  [jvm.dll+0x361ecb]
V  [jvm.dll+0x369a96]
V  [jvm.dll+0x3bbe66]
V  [jvm.dll+0x3bc138]
V  [jvm.dll+0x3356ac]
V  [jvm.dll+0x335737]
V  [jvm.dll+0x37a57c]
V  [jvm.dll+0x378d2e]
V  [jvm.dll+0x334e01]
V  [jvm.dll+0x378440]
V  [jvm.dll+0x8c52d8]
V  [jvm.dll+0x8c6654]
V  [jvm.dll+0x8c6b90]
V  [jvm.dll+0x8c6e23]
V  [jvm.dll+0x865958]
V  [jvm.dll+0x6dd2bd]
C  [ucrtbase.dll+0x29333]
C  [KERNEL32.DLL+0x1257d]
C  [ntdll.dll+0x5aa48]

VM_Operation (0x000000b346dfe3e0): G1CollectForAllocation, mode: safepoint, requested by thread 0x0000022fed33d520


---------------  P R O C E S S  ---------------

Threads class SMR info:
_java_thread_list=0x0000022fed2b1db0, length=20, elements={
0x0000022fc759bc30, 0x0000022fe6fb21b0, 0x0000022fe6fb2c20, 0x0000022fe6fb8600,
0x0000022fe6fb9330, 0x0000022fe6fba130, 0x0000022fe6fbfb10, 0x0000022fe6fc13e0,
0x0000022fe6fc4f80, 0x0000022fe70d82a0, 0x0000022fe732b5e0, 0x0000022fe72bd4b0,
0x0000022fe72bdb30, 0x0000022fe730da00, 0x0000022fe73325a0, 0x0000022fed2122b0,
0x0000022fed33e8d0, 0x0000022fed33c170, 0x0000022fed33d520, 0x0000022fed33e240
}

Java Threads: ( => current thread )
  0x0000022fc759bc30 JavaThread "main"                              [_thread_blocked, id=1632, stack(0x000000b345100000,0x000000b345200000) (1024K)]
  0x0000022fe6fb21b0 JavaThread "Reference Handler"          daemon [_thread_blocked, id=11784, stack(0x000000b345900000,0x000000b345a00000) (1024K)]
  0x0000022fe6fb2c20 JavaThread "Finalizer"                  daemon [_thread_blocked, id=12216, stack(0x000000b345a00000,0x000000b345b00000) (1024K)]
  0x0000022fe6fb8600 JavaThread "Signal Dispatcher"          daemon [_thread_blocked, id=5712, stack(0x000000b345b00000,0x000000b345c00000) (1024K)]
  0x0000022fe6fb9330 JavaThread "Attach Listener"            daemon [_thread_blocked, id=12004, stack(0x000000b345c00000,0x000000b345d00000) (1024K)]
  0x0000022fe6fba130 JavaThread "Service Thread"             daemon [_thread_blocked, id=10328, stack(0x000000b345d00000,0x000000b345e00000) (1024K)]
  0x0000022fe6fbfb10 JavaThread "Monitor Deflation Thread"   daemon [_thread_blocked, id=11920, stack(0x000000b345e00000,0x000000b345f00000) (1024K)]
  0x0000022fe6fc13e0 JavaThread "C2 CompilerThread0"         daemon [_thread_in_native, id=4148, stack(0x000000b345f00000,0x000000b346000000) (1024K)]
  0x0000022fe6fc4f80 JavaThread "C1 CompilerThread0"         daemon [_thread_blocked, id=11488, stack(0x000000b346000000,0x000000b346100000) (1024K)]
  0x0000022fe70d82a0 JavaThread "Common-Cleaner"             daemon [_thread_blocked, id=4160, stack(0x000000b346100000,0x000000b346200000) (1024K)]
  0x0000022fe732b5e0 JavaThread "JDWP Transport Listener: dt_socket" daemon [_thread_blocked, id=10092, stack(0x000000b346200000,0x000000b346300000) (1024K)]
  0x0000022fe72bd4b0 JavaThread "JDWP Event Helper Thread"   daemon [_thread_blocked, id=5636, stack(0x000000b346300000,0x000000b346400000) (1024K)]
  0x0000022fe72bdb30 JavaThread "JDWP Command Reader"        daemon [_thread_in_native, id=9008, stack(0x000000b346400000,0x000000b346500000) (1024K)]
  0x0000022fe730da00 JavaThread "IntelliJ Suspend Helper"    daemon [_thread_blocked, id=11696, stack(0x000000b346500000,0x000000b346600000) (1024K)]
  0x0000022fe73325a0 JavaThread "Notification Thread"        daemon [_thread_blocked, id=8916, stack(0x000000b346600000,0x000000b346700000) (1024K)]
  0x0000022fed2122b0 JavaThread "C2 CompilerThread1"         daemon [_thread_blocked, id=8000, stack(0x000000b346700000,0x000000b346800000) (1024K)]
  0x0000022fed33e8d0 JavaThread "pool-2-thread-1"                   [_thread_blocked, id=8816, stack(0x000000b346b00000,0x000000b346c00000) (1024K)]
  0x0000022fed33c170 JavaThread "pool-2-thread-2"                   [_thread_blocked, id=2380, stack(0x000000b346c00000,0x000000b346d00000) (1024K)]
  0x0000022fed33d520 JavaThread "pool-2-thread-3"                   [_thread_blocked, id=2332, stack(0x000000b346d00000,0x000000b346e00000) (1024K)]
  0x0000022fed33e240 JavaThread "pool-2-thread-4"                   [_thread_blocked, id=11676, stack(0x000000b346e00000,0x000000b346f00000) (1024K)]
Total: 20

Other Threads:
=>0x0000022fe6f9a7d0 VMThread "VM Thread"                           [id=10492, stack(0x000000b345800000,0x000000b345900000) (1024K)]
  0x0000022fe6f88200 WatcherThread "VM Periodic Task Thread"        [id=10036, stack(0x000000b345700000,0x000000b345800000) (1024K)]
  0x0000022fc98983b0 WorkerThread "GC Thread#0"                     [id=11560, stack(0x000000b345200000,0x000000b345300000) (1024K)]
  0x0000022fe77d9840 WorkerThread "GC Thread#1"                     [id=3564, stack(0x000000b346800000,0x000000b346900000) (1024K)]
  0x0000022fe797ee90 WorkerThread "GC Thread#2"                     [id=2780, stack(0x000000b346900000,0x000000b346a00000) (1024K)]
  0x0000022fe797f230 WorkerThread "GC Thread#3"                     [id=11300, stack(0x000000b346a00000,0x000000b346b00000) (1024K)]
  0x0000022fc98a5450 ConcurrentGCThread "G1 Main Marker"            [id=12092, stack(0x000000b345300000,0x000000b345400000) (1024K)]
  0x0000022fc98a5f50 WorkerThread "G1 Conc#0"                       [id=11656, stack(0x000000b345400000,0x000000b345500000) (1024K)]
  0x0000022fc98ee920 ConcurrentGCThread "G1 Refine#0"               [id=12176, stack(0x000000b345500000,0x000000b345600000) (1024K)]
  0x0000022fe6e5b270 ConcurrentGCThread "G1 Service"                [id=11856, stack(0x000000b345600000,0x000000b345700000) (1024K)]
Total: 10

Threads with active compile tasks:
C2 CompilerThread0  4918 3928       4       org.objectweb.asm.ClassReader::readMethod (1070 bytes)
C2 CompilerThread1  4918 3954       4       java.time.zone.ZoneRules::getOffsetInfo (278 bytes)
Total: 2

VM state: at safepoint (normal execution)

VM Mutex/Monitor currently owned by a thread:  ([mutex/lock_event])
[0x00007ffeeddd53f8] Threads_lock - owner thread: 0x0000022fe6f9a7d0
[0x00007ffeeddd54f8] Heap_lock - owner thread: 0x0000022fed33d520

Heap address: 0x0000000740e00000, size: 3058 MB, Compressed Oops mode: Zero based, Oop shift amount: 3

CDS archive(s) mapped at: [0x0000022f80000000-0x0000022f80c80000-0x0000022f80c80000), size 13107200, SharedBaseAddress: 0x0000022f80000000, ArchiveRelocationMode: 1.
Compressed class space mapped at: 0x0000022f81000000-0x0000022fc1000000, reserved size: 1073741824
Narrow klass base: 0x0000022f80000000, Narrow klass shift: 0, Narrow klass range: 0x100000000

GC Precious Log:
 CardTable entry size: 512
 Card Set container configuration: InlinePtr #cards 4 size 8 Array Of Cards #cards 16 size 48 Howl #buckets 8 coarsen threshold 3686 Howl Bitmap #cards 512 size 80 coarsen threshold 460 Card regions per heap region 1 cards per card region 4096
 CPUs: 4 total, 4 available
 Memory: 12230M
 Large Page Support: Disabled
 NUMA Support: Disabled
 Compressed Oops: Enabled (Zero based)
 Heap Region Size: 2M
 Heap Min Capacity: 8M
 Heap Initial Capacity: 192M
 Heap Max Capacity: 3058M
 Pre-touch: Disabled
 Parallel Workers: 4
 Concurrent Workers: 1
 Concurrent Refinement Workers: 4
 Periodic GC: Disabled

Heap:
 garbage-first heap   total 368640K, used 206704K [0x0000000740e00000, 0x0000000800000000)
  region size 2048K, 9 young (18432K), 9 survivors (18432K)
 Metaspace       used 20526K, committed 20864K, reserved 1114112K
  class space    used 2075K, committed 2240K, reserved 1048576K

Heap Regions: E=young(eden), S=young(survivor), O=old, HS=humongous(starts), HC=humongous(continues), CS=collection set, F=free, TAMS=top-at-mark-start, PB=parsable bottom
|   0|0x0000000740e00000, 0x0000000741000000, 0x0000000741000000|100%|HS|  |TAMS 0x0000000741000000| PB 0x0000000740e00000| Complete 
|   1|0x0000000741000000, 0x0000000741200000, 0x0000000741200000|100%|HS|  |TAMS 0x0000000741200000| PB 0x0000000741000000| Complete 
|   2|0x0000000741200000, 0x0000000741400000, 0x0000000741400000|100%|HC|  |TAMS 0x0000000741400000| PB 0x0000000741200000| Complete 
|   3|0x0000000741400000, 0x0000000741600000, 0x0000000741600000|100%| O|  |TAMS 0x0000000741600000| PB 0x0000000741400000| Untracked 
|   4|0x0000000741600000, 0x0000000741800000, 0x0000000741800000|100%| O|  |TAMS 0x0000000741800000| PB 0x0000000741600000| Untracked 
|   5|0x0000000741800000, 0x0000000741a00000, 0x0000000741a00000|100%| O|  |TAMS 0x0000000741a00000| PB 0x0000000741800000| Untracked 
|   6|0x0000000741a00000, 0x0000000741c00000, 0x0000000741c00000|100%|HS|  |TAMS 0x0000000741c00000| PB 0x0000000741a00000| Complete 
|   7|0x0000000741c00000, 0x0000000741e00000, 0x0000000741e00000|100%|HC|  |TAMS 0x0000000741e00000| PB 0x0000000741c00000| Complete 
|   8|0x0000000741e00000, 0x0000000742000000, 0x0000000742000000|100%|HS|  |TAMS 0x0000000742000000| PB 0x0000000741e00000| Complete 
|   9|0x0000000742000000, 0x0000000742200000, 0x0000000742200000|100%|HS|  |TAMS 0x0000000742200000| PB 0x0000000742000000| Complete 
|  10|0x0000000742200000, 0x0000000742400000, 0x0000000742400000|100%|HC|  |TAMS 0x0000000742400000| PB 0x0000000742200000| Complete 
|  11|0x0000000742400000, 0x0000000742600000, 0x0000000742600000|100%|HS|  |TAMS 0x0000000742600000| PB 0x0000000742400000| Complete 
|  12|0x0000000742600000, 0x0000000742800000, 0x0000000742800000|100%|HS|  |TAMS 0x0000000742800000| PB 0x0000000742600000| Complete 
|  13|0x0000000742800000, 0x0000000742a00000, 0x0000000742a00000|100%|HS|  |TAMS 0x0000000742a00000| PB 0x0000000742800000| Complete 
|  14|0x0000000742a00000, 0x0000000742c00000, 0x0000000742c00000|100%|HS|  |TAMS 0x0000000742c00000| PB 0x0000000742a00000| Complete 
|  15|0x0000000742c00000, 0x0000000742e00000, 0x0000000742e00000|100%|HC|  |TAMS 0x0000000742e00000| PB 0x0000000742c00000| Complete 
|  16|0x0000000742e00000, 0x0000000743000000, 0x0000000743000000|100%|HC|  |TAMS 0x0000000743000000| PB 0x0000000742e00000| Complete 
|  17|0x0000000743000000, 0x0000000743200000, 0x0000000743200000|100%|HS|  |TAMS 0x0000000743200000| PB 0x0000000743000000| Complete 
|  18|0x0000000743200000, 0x0000000743400000, 0x0000000743400000|100%|HC|  |TAMS 0x0000000743400000| PB 0x0000000743200000| Complete 
|  19|0x0000000743400000, 0x0000000743600000, 0x0000000743600000|100%| O|  |TAMS 0x0000000743600000| PB 0x0000000743400000| Untracked 
|  20|0x0000000743600000, 0x0000000743800000, 0x0000000743800000|100%| O|  |TAMS 0x0000000743800000| PB 0x0000000743600000| Untracked 
|  21|0x0000000743800000, 0x0000000743a00000, 0x0000000743a00000|100%| O|  |TAMS 0x0000000743a00000| PB 0x0000000743800000| Untracked 
|  22|0x0000000743a00000, 0x0000000743c00000, 0x0000000743c00000|100%| O|  |TAMS 0x0000000743c00000| PB 0x0000000743a00000| Untracked 
|  23|0x0000000743c00000, 0x0000000743e00000, 0x0000000743e00000|100%| O|  |TAMS 0x0000000743e00000| PB 0x0000000743c00000| Untracked 
|  24|0x0000000743e00000, 0x0000000744000000, 0x0000000744000000|100%| O|  |TAMS 0x0000000744000000| PB 0x0000000743e00000| Untracked 
|  25|0x0000000744000000, 0x0000000744200000, 0x0000000744200000|100%| O|  |TAMS 0x0000000744200000| PB 0x0000000744000000| Untracked 
|  26|0x0000000744200000, 0x0000000744400000, 0x0000000744400000|100%| O|  |TAMS 0x0000000744400000| PB 0x0000000744200000| Untracked 
|  27|0x0000000744400000, 0x0000000744600000, 0x0000000744600000|100%| O|  |TAMS 0x0000000744600000| PB 0x0000000744400000| Untracked 
|  28|0x0000000744600000, 0x0000000744800000, 0x0000000744800000|100%| O|  |TAMS 0x0000000744800000| PB 0x0000000744600000| Untracked 
|  29|0x0000000744800000, 0x0000000744a00000, 0x0000000744a00000|100%| O|  |TAMS 0x0000000744a00000| PB 0x0000000744800000| Untracked 
|  30|0x0000000744a00000, 0x0000000744c00000, 0x0000000744c00000|100%| O|  |TAMS 0x0000000744c00000| PB 0x0000000744a00000| Untracked 
|  31|0x0000000744c00000, 0x0000000744e00000, 0x0000000744e00000|100%| O|  |TAMS 0x0000000744e00000| PB 0x0000000744c00000| Untracked 
|  32|0x0000000744e00000, 0x0000000745000000, 0x0000000745000000|100%| O|  |TAMS 0x0000000745000000| PB 0x0000000744e00000| Untracked 
|  33|0x0000000745000000, 0x0000000745200000, 0x0000000745200000|100%| O|  |TAMS 0x0000000745200000| PB 0x0000000745000000| Untracked 
|  34|0x0000000745200000, 0x0000000745400000, 0x0000000745400000|100%| O|  |TAMS 0x0000000745400000| PB 0x0000000745200000| Untracked 
|  35|0x0000000745400000, 0x0000000745600000, 0x0000000745600000|100%| O|  |TAMS 0x0000000745600000| PB 0x0000000745400000| Untracked 
|  36|0x0000000745600000, 0x0000000745800000, 0x0000000745800000|100%| O|  |TAMS 0x0000000745800000| PB 0x0000000745600000| Untracked 
|  37|0x0000000745800000, 0x0000000745a00000, 0x0000000745a00000|100%| O|  |TAMS 0x0000000745a00000| PB 0x0000000745800000| Untracked 
|  38|0x0000000745a00000, 0x0000000745c00000, 0x0000000745c00000|100%| O|  |TAMS 0x0000000745c00000| PB 0x0000000745a00000| Untracked 
|  39|0x0000000745c00000, 0x0000000745e00000, 0x0000000745e00000|100%| O|  |TAMS 0x0000000745e00000| PB 0x0000000745c00000| Untracked 
|  40|0x0000000745e00000, 0x0000000746000000, 0x0000000746000000|100%| O|  |TAMS 0x0000000746000000| PB 0x0000000745e00000| Untracked 
|  41|0x0000000746000000, 0x0000000746200000, 0x0000000746200000|100%| O|  |TAMS 0x0000000746200000| PB 0x0000000746000000| Untracked 
|  42|0x0000000746200000, 0x0000000746400000, 0x0000000746400000|100%| O|  |TAMS 0x0000000746400000| PB 0x0000000746200000| Untracked 
|  43|0x0000000746400000, 0x0000000746600000, 0x0000000746600000|100%| O|  |TAMS 0x0000000746600000| PB 0x0000000746400000| Untracked 
|  44|0x0000000746600000, 0x0000000746800000, 0x0000000746800000|100%| O|  |TAMS 0x0000000746800000| PB 0x0000000746600000| Untracked 
|  45|0x0000000746800000, 0x0000000746a00000, 0x0000000746a00000|100%| O|  |TAMS 0x0000000746a00000| PB 0x0000000746800000| Untracked 
|  46|0x0000000746a00000, 0x0000000746c00000, 0x0000000746c00000|100%| O|  |TAMS 0x0000000746c00000| PB 0x0000000746a00000| Untracked 
|  47|0x0000000746c00000, 0x0000000746e00000, 0x0000000746e00000|100%| O|  |TAMS 0x0000000746e00000| PB 0x0000000746c00000| Untracked 
|  48|0x0000000746e00000, 0x0000000747000000, 0x0000000747000000|100%| O|  |TAMS 0x0000000747000000| PB 0x0000000746e00000| Untracked 
|  49|0x0000000747000000, 0x0000000747200000, 0x0000000747200000|100%| O|  |TAMS 0x0000000747200000| PB 0x0000000747000000| Untracked 
|  50|0x0000000747200000, 0x0000000747400000, 0x0000000747400000|100%| O|  |TAMS 0x0000000747400000| PB 0x0000000747200000| Untracked 
|  51|0x0000000747400000, 0x0000000747600000, 0x0000000747600000|100%|HS|  |TAMS 0x0000000747600000| PB 0x0000000747400000| Complete 
|  52|0x0000000747600000, 0x0000000747800000, 0x0000000747800000|100%| O|  |TAMS 0x0000000747800000| PB 0x0000000747600000| Untracked 
|  53|0x0000000747800000, 0x0000000747a00000, 0x0000000747a00000|100%| O|  |TAMS 0x0000000747a00000| PB 0x0000000747800000| Untracked 
|  54|0x0000000747a00000, 0x0000000747c00000, 0x0000000747c00000|100%| O|  |TAMS 0x0000000747c00000| PB 0x0000000747a00000| Untracked 
|  55|0x0000000747c00000, 0x0000000747e00000, 0x0000000747e00000|100%| O|  |TAMS 0x0000000747e00000| PB 0x0000000747c00000| Untracked 
|  56|0x0000000747e00000, 0x0000000748000000, 0x0000000748000000|100%| O|  |TAMS 0x0000000748000000| PB 0x0000000747e00000| Untracked 
|  57|0x0000000748000000, 0x0000000748200000, 0x0000000748200000|100%| O|  |TAMS 0x0000000748200000| PB 0x0000000748000000| Untracked 
|  58|0x0000000748200000, 0x0000000748400000, 0x0000000748400000|100%| O|  |TAMS 0x0000000748400000| PB 0x0000000748200000| Untracked 
|  59|0x0000000748400000, 0x0000000748600000, 0x0000000748600000|100%| O|  |TAMS 0x0000000748600000| PB 0x0000000748400000| Untracked 
|  60|0x0000000748600000, 0x0000000748800000, 0x0000000748800000|100%| O|  |TAMS 0x0000000748800000| PB 0x0000000748600000| Untracked 
|  61|0x0000000748800000, 0x0000000748a00000, 0x0000000748a00000|100%| O|  |TAMS 0x0000000748a00000| PB 0x0000000748800000| Untracked 
|  62|0x0000000748a00000, 0x0000000748c00000, 0x0000000748c00000|100%| O|  |TAMS 0x0000000748c00000| PB 0x0000000748a00000| Untracked 
|  63|0x0000000748c00000, 0x0000000748e00000, 0x0000000748e00000|100%| O|  |TAMS 0x0000000748e00000| PB 0x0000000748c00000| Untracked 
|  64|0x0000000748e00000, 0x0000000749000000, 0x0000000749000000|100%| O|  |TAMS 0x0000000749000000| PB 0x0000000748e00000| Untracked 
|  65|0x0000000749000000, 0x0000000749200000, 0x0000000749200000|100%| O|  |TAMS 0x0000000749200000| PB 0x0000000749000000| Untracked 
|  66|0x0000000749200000, 0x0000000749400000, 0x0000000749400000|100%| O|  |TAMS 0x0000000749400000| PB 0x0000000749200000| Untracked 
|  67|0x0000000749400000, 0x0000000749600000, 0x0000000749600000|100%| O|  |TAMS 0x0000000749600000| PB 0x0000000749400000| Untracked 
|  68|0x0000000749600000, 0x0000000749800000, 0x0000000749800000|100%| O|  |TAMS 0x0000000749800000| PB 0x0000000749600000| Untracked 
|  69|0x0000000749800000, 0x0000000749a00000, 0x0000000749a00000|100%| O|  |TAMS 0x0000000749a00000| PB 0x0000000749800000| Untracked 
|  70|0x0000000749a00000, 0x0000000749c00000, 0x0000000749c00000|100%| O|  |TAMS 0x0000000749c00000| PB 0x0000000749a00000| Untracked 
|  71|0x0000000749c00000, 0x0000000749e00000, 0x0000000749e00000|100%| O|  |TAMS 0x0000000749e00000| PB 0x0000000749c00000| Untracked 
|  72|0x0000000749e00000, 0x000000074a000000, 0x000000074a000000|100%| O|  |TAMS 0x0000000749f9cd10| PB 0x0000000749e00000| Untracked 
|  73|0x000000074a000000, 0x000000074a200000, 0x000000074a200000|100%| O|  |TAMS 0x000000074a000000| PB 0x000000074a000000| Untracked 
|  74|0x000000074a200000, 0x000000074a400000, 0x000000074a400000|100%| O|  |TAMS 0x000000074a200000| PB 0x000000074a200000| Untracked 
|  75|0x000000074a400000, 0x000000074a600000, 0x000000074a600000|100%| O|  |TAMS 0x000000074a400000| PB 0x000000074a400000| Untracked 
|  76|0x000000074a600000, 0x000000074a800000, 0x000000074a800000|100%| O|  |TAMS 0x000000074a600000| PB 0x000000074a600000| Untracked 
|  77|0x000000074a800000, 0x000000074aa00000, 0x000000074aa00000|100%| O|  |TAMS 0x000000074a800000| PB 0x000000074a800000| Untracked 
|  78|0x000000074aa00000, 0x000000074ac00000, 0x000000074ac00000|100%| O|  |TAMS 0x000000074aa00000| PB 0x000000074aa00000| Untracked 
|  79|0x000000074ac00000, 0x000000074ae00000, 0x000000074ae00000|100%| O|  |TAMS 0x000000074ac00000| PB 0x000000074ac00000| Untracked 
|  80|0x000000074ae00000, 0x000000074b000000, 0x000000074b000000|100%| O|  |TAMS 0x000000074ae00000| PB 0x000000074ae00000| Untracked 
|  81|0x000000074b000000, 0x000000074b1dc250, 0x000000074b200000| 92%| O|  |TAMS 0x000000074b000000| PB 0x000000074b000000| Untracked 
|  82|0x000000074b200000, 0x000000074b200000, 0x000000074b400000|  0%| F|  |TAMS 0x000000074b200000| PB 0x000000074b200000| Untracked 
|  83|0x000000074b400000, 0x000000074b400000, 0x000000074b600000|  0%| F|  |TAMS 0x000000074b400000| PB 0x000000074b400000| Untracked 
|  84|0x000000074b600000, 0x000000074b600000, 0x000000074b800000|  0%| F|  |TAMS 0x000000074b600000| PB 0x000000074b600000| Untracked 
|  85|0x000000074b800000, 0x000000074b800000, 0x000000074ba00000|  0%| F|  |TAMS 0x000000074b800000| PB 0x000000074b800000| Untracked 
|  86|0x000000074ba00000, 0x000000074ba00000, 0x000000074bc00000|  0%| F|  |TAMS 0x000000074ba00000| PB 0x000000074ba00000| Untracked 
|  87|0x000000074bc00000, 0x000000074bc00000, 0x000000074be00000|  0%| F|  |TAMS 0x000000074bc00000| PB 0x000000074bc00000| Untracked 
|  88|0x000000074be00000, 0x000000074be00000, 0x000000074c000000|  0%| F|  |TAMS 0x000000074be00000| PB 0x000000074be00000| Untracked 
|  89|0x000000074c000000, 0x000000074c000000, 0x000000074c200000|  0%| F|  |TAMS 0x000000074c000000| PB 0x000000074c000000| Untracked 
|  90|0x000000074c200000, 0x000000074c200000, 0x000000074c400000|  0%| F|  |TAMS 0x000000074c200000| PB 0x000000074c200000| Untracked 
|  91|0x000000074c400000, 0x000000074c400000, 0x000000074c600000|  0%| F|  |TAMS 0x000000074c400000| PB 0x000000074c400000| Untracked 
|  92|0x000000074c600000, 0x000000074c600000, 0x000000074c800000|  0%| F|  |TAMS 0x000000074c600000| PB 0x000000074c600000| Untracked 
|  93|0x000000074c800000, 0x000000074c800000, 0x000000074ca00000|  0%| F|  |TAMS 0x000000074c800000| PB 0x000000074c800000| Untracked 
|  94|0x000000074ca00000, 0x000000074ca00000, 0x000000074cc00000|  0%| F|  |TAMS 0x000000074ca00000| PB 0x000000074ca00000| Untracked 
|  95|0x000000074cc00000, 0x000000074cc00000, 0x000000074ce00000|  0%| F|  |TAMS 0x000000074cc00000| PB 0x000000074cc00000| Untracked 
|  96|0x000000074ce00000, 0x000000074ce00000, 0x000000074d000000|  0%| F|  |TAMS 0x000000074ce00000| PB 0x000000074ce00000| Untracked 
|  97|0x000000074d000000, 0x000000074d200000, 0x000000074d200000|100%| S|CS|TAMS 0x000000074d000000| PB 0x000000074d000000| Complete 
|  98|0x000000074d200000, 0x000000074d400000, 0x000000074d400000|100%| S|CS|TAMS 0x000000074d200000| PB 0x000000074d200000| Complete 
|  99|0x000000074d400000, 0x000000074d600000, 0x000000074d600000|100%| S|CS|TAMS 0x000000074d400000| PB 0x000000074d400000| Complete 
| 100|0x000000074d600000, 0x000000074d800000, 0x000000074d800000|100%| S|CS|TAMS 0x000000074d600000| PB 0x000000074d600000| Complete 
| 101|0x000000074d800000, 0x000000074da00000, 0x000000074da00000|100%| S|CS|TAMS 0x000000074d800000| PB 0x000000074d800000| Complete 
| 102|0x000000074da00000, 0x000000074da00000, 0x000000074dc00000|  0%| F|  |TAMS 0x000000074da00000| PB 0x000000074da00000| Untracked 
| 103|0x000000074dc00000, 0x000000074dc00000, 0x000000074de00000|  0%| F|  |TAMS 0x000000074dc00000| PB 0x000000074dc00000| Untracked 
| 104|0x000000074de00000, 0x000000074de00000, 0x000000074e000000|  0%| F|  |TAMS 0x000000074de00000| PB 0x000000074de00000| Untracked 
| 105|0x000000074e000000, 0x000000074e000000, 0x000000074e200000|  0%| F|  |TAMS 0x000000074e000000| PB 0x000000074e000000| Untracked 
| 106|0x000000074e200000, 0x000000074e200000, 0x000000074e400000|  0%| F|  |TAMS 0x000000074e200000| PB 0x000000074e200000| Untracked 
| 107|0x000000074e400000, 0x000000074e400000, 0x000000074e600000|  0%| F|  |TAMS 0x000000074e400000| PB 0x000000074e400000| Untracked 
| 108|0x000000074e600000, 0x000000074e800000, 0x000000074e800000|100%| S|CS|TAMS 0x000000074e600000| PB 0x000000074e600000| Complete 
| 109|0x000000074e800000, 0x000000074ea00000, 0x000000074ea00000|100%| S|CS|TAMS 0x000000074e800000| PB 0x000000074e800000| Complete 
| 110|0x000000074ea00000, 0x000000074ec00000, 0x000000074ec00000|100%| S|CS|TAMS 0x000000074ea00000| PB 0x000000074ea00000| Complete 
| 111|0x000000074ec00000, 0x000000074ee00000, 0x000000074ee00000|100%| S|CS|TAMS 0x000000074ec00000| PB 0x000000074ec00000| Complete 
| 112|0x000000074ee00000, 0x000000074ee00000, 0x000000074f000000|  0%| F|  |TAMS 0x000000074ee00000| PB 0x000000074ee00000| Untracked 
| 113|0x000000074f000000, 0x000000074f000000, 0x000000074f200000|  0%| F|  |TAMS 0x000000074f000000| PB 0x000000074f000000| Untracked 
| 114|0x000000074f200000, 0x000000074f200000, 0x000000074f400000|  0%| F|  |TAMS 0x000000074f200000| PB 0x000000074f200000| Untracked 
| 115|0x000000074f400000, 0x000000074f400000, 0x000000074f600000|  0%| F|  |TAMS 0x000000074f400000| PB 0x000000074f400000| Untracked 
| 116|0x000000074f600000, 0x000000074f600000, 0x000000074f800000|  0%| F|  |TAMS 0x000000074f600000| PB 0x000000074f600000| Untracked 
| 117|0x000000074f800000, 0x000000074f800000, 0x000000074fa00000|  0%| F|  |TAMS 0x000000074f800000| PB 0x000000074f800000| Untracked 
| 118|0x000000074fa00000, 0x000000074fa00000, 0x000000074fc00000|  0%| F|  |TAMS 0x000000074fa00000| PB 0x000000074fa00000| Untracked 
| 119|0x000000074fc00000, 0x000000074fc00000, 0x000000074fe00000|  0%| F|  |TAMS 0x000000074fc00000| PB 0x000000074fc00000| Untracked 
| 120|0x000000074fe00000, 0x000000074fe00000, 0x0000000750000000|  0%| F|  |TAMS 0x000000074fe00000| PB 0x000000074fe00000| Untracked 
| 121|0x0000000750000000, 0x0000000750000000, 0x0000000750200000|  0%| F|  |TAMS 0x0000000750000000| PB 0x0000000750000000| Untracked 
| 122|0x0000000750200000, 0x0000000750200000, 0x0000000750400000|  0%| F|  |TAMS 0x0000000750200000| PB 0x0000000750200000| Untracked 
| 123|0x0000000750400000, 0x0000000750400000, 0x0000000750600000|  0%| F|  |TAMS 0x0000000750400000| PB 0x0000000750400000| Untracked 
| 124|0x0000000750600000, 0x0000000750600000, 0x0000000750800000|  0%| F|  |TAMS 0x0000000750600000| PB 0x0000000750600000| Untracked 
| 125|0x0000000750800000, 0x0000000750800000, 0x0000000750a00000|  0%| F|  |TAMS 0x0000000750800000| PB 0x0000000750800000| Untracked 
| 126|0x0000000750a00000, 0x0000000750a00000, 0x0000000750c00000|  0%| F|  |TAMS 0x0000000750a00000| PB 0x0000000750a00000| Untracked 
| 127|0x0000000750c00000, 0x0000000750c00000, 0x0000000750e00000|  0%| F|  |TAMS 0x0000000750c00000| PB 0x0000000750c00000| Untracked 
| 128|0x0000000750e00000, 0x0000000750e00000, 0x0000000751000000|  0%| F|  |TAMS 0x0000000750e00000| PB 0x0000000750e00000| Untracked 
| 129|0x0000000751000000, 0x0000000751000000, 0x0000000751200000|  0%| F|  |TAMS 0x0000000751000000| PB 0x0000000751000000| Untracked 
| 130|0x0000000751200000, 0x0000000751200000, 0x0000000751400000|  0%| F|  |TAMS 0x0000000751200000| PB 0x0000000751200000| Untracked 
| 131|0x0000000751400000, 0x0000000751400000, 0x0000000751600000|  0%| F|  |TAMS 0x0000000751400000| PB 0x0000000751400000| Untracked 
| 132|0x0000000751600000, 0x0000000751600000, 0x0000000751800000|  0%| F|  |TAMS 0x0000000751600000| PB 0x0000000751600000| Untracked 
| 133|0x0000000751800000, 0x0000000751800000, 0x0000000751a00000|  0%| F|  |TAMS 0x0000000751800000| PB 0x0000000751800000| Untracked 
| 134|0x0000000751a00000, 0x0000000751a00000, 0x0000000751c00000|  0%| F|  |TAMS 0x0000000751a00000| PB 0x0000000751a00000| Untracked 
| 135|0x0000000751c00000, 0x0000000751c00000, 0x0000000751e00000|  0%| F|  |TAMS 0x0000000751c00000| PB 0x0000000751c00000| Untracked 
| 136|0x0000000751e00000, 0x0000000751e00000, 0x0000000752000000|  0%| F|  |TAMS 0x0000000751e00000| PB 0x0000000751e00000| Untracked 
| 137|0x0000000752000000, 0x0000000752000000, 0x0000000752200000|  0%| F|  |TAMS 0x0000000752000000| PB 0x0000000752000000| Untracked 
| 138|0x0000000752200000, 0x0000000752200000, 0x0000000752400000|  0%| F|  |TAMS 0x0000000752200000| PB 0x0000000752200000| Untracked 
| 139|0x0000000752400000, 0x0000000752400000, 0x0000000752600000|  0%| F|  |TAMS 0x0000000752400000| PB 0x0000000752400000| Untracked 
| 140|0x0000000752600000, 0x0000000752600000, 0x0000000752800000|  0%| F|  |TAMS 0x0000000752600000| PB 0x0000000752600000| Untracked 
| 141|0x0000000752800000, 0x0000000752800000, 0x0000000752a00000|  0%| F|  |TAMS 0x0000000752800000| PB 0x0000000752800000| Untracked 
| 142|0x0000000752a00000, 0x0000000752a00000, 0x0000000752c00000|  0%| F|  |TAMS 0x0000000752a00000| PB 0x0000000752a00000| Untracked 
| 143|0x0000000752c00000, 0x0000000752c00000, 0x0000000752e00000|  0%| F|  |TAMS 0x0000000752c00000| PB 0x0000000752c00000| Untracked 
| 144|0x0000000752e00000, 0x0000000752e00000, 0x0000000753000000|  0%| F|  |TAMS 0x0000000752e00000| PB 0x0000000752e00000| Untracked 
| 145|0x0000000753000000, 0x0000000753000000, 0x0000000753200000|  0%| F|  |TAMS 0x0000000753000000| PB 0x0000000753000000| Untracked 
| 146|0x0000000753200000, 0x0000000753200000, 0x0000000753400000|  0%| F|  |TAMS 0x0000000753200000| PB 0x0000000753200000| Untracked 
| 147|0x0000000753400000, 0x0000000753400000, 0x0000000753600000|  0%| F|  |TAMS 0x0000000753400000| PB 0x0000000753400000| Untracked 
| 148|0x0000000753600000, 0x0000000753600000, 0x0000000753800000|  0%| F|  |TAMS 0x0000000753600000| PB 0x0000000753600000| Untracked 
| 149|0x0000000753800000, 0x0000000753800000, 0x0000000753a00000|  0%| F|  |TAMS 0x0000000753800000| PB 0x0000000753800000| Untracked 
| 150|0x0000000753a00000, 0x0000000753a00000, 0x0000000753c00000|  0%| F|  |TAMS 0x0000000753a00000| PB 0x0000000753a00000| Untracked 
| 151|0x0000000753c00000, 0x0000000753c00000, 0x0000000753e00000|  0%| F|  |TAMS 0x0000000753c00000| PB 0x0000000753c00000| Untracked 
| 152|0x0000000753e00000, 0x0000000753e00000, 0x0000000754000000|  0%| F|  |TAMS 0x0000000753e00000| PB 0x0000000753e00000| Untracked 
| 153|0x0000000754000000, 0x0000000754000000, 0x0000000754200000|  0%| F|  |TAMS 0x0000000754000000| PB 0x0000000754000000| Untracked 
| 154|0x0000000754200000, 0x0000000754200000, 0x0000000754400000|  0%| F|  |TAMS 0x0000000754200000| PB 0x0000000754200000| Untracked 
| 155|0x0000000754400000, 0x0000000754400000, 0x0000000754600000|  0%| F|  |TAMS 0x0000000754400000| PB 0x0000000754400000| Untracked 
| 156|0x0000000754600000, 0x0000000754600000, 0x0000000754800000|  0%| F|  |TAMS 0x0000000754600000| PB 0x0000000754600000| Untracked 
| 157|0x0000000754800000, 0x0000000754800000, 0x0000000754a00000|  0%| F|  |TAMS 0x0000000754800000| PB 0x0000000754800000| Untracked 
| 158|0x0000000754a00000, 0x0000000754a00000, 0x0000000754c00000|  0%| F|  |TAMS 0x0000000754a00000| PB 0x0000000754a00000| Untracked 
| 159|0x0000000754c00000, 0x0000000754c00000, 0x0000000754e00000|  0%| F|  |TAMS 0x0000000754c00000| PB 0x0000000754c00000| Untracked 
| 160|0x0000000754e00000, 0x0000000754e00000, 0x0000000755000000|  0%| F|  |TAMS 0x0000000754e00000| PB 0x0000000754e00000| Untracked 
| 161|0x0000000755000000, 0x0000000755000000, 0x0000000755200000|  0%| F|  |TAMS 0x0000000755000000| PB 0x0000000755000000| Untracked 
| 162|0x0000000755200000, 0x0000000755200000, 0x0000000755400000|  0%| F|  |TAMS 0x0000000755200000| PB 0x0000000755200000| Untracked 
| 163|0x0000000755400000, 0x0000000755400000, 0x0000000755600000|  0%| F|  |TAMS 0x0000000755400000| PB 0x0000000755400000| Untracked 
| 164|0x0000000755600000, 0x0000000755600000, 0x0000000755800000|  0%| F|  |TAMS 0x0000000755600000| PB 0x0000000755600000| Untracked 
| 165|0x0000000755800000, 0x0000000755800000, 0x0000000755a00000|  0%| F|  |TAMS 0x0000000755800000| PB 0x0000000755800000| Untracked 
| 166|0x0000000755a00000, 0x0000000755a00000, 0x0000000755c00000|  0%| F|  |TAMS 0x0000000755a00000| PB 0x0000000755a00000| Untracked 
| 167|0x0000000755c00000, 0x0000000755c00000, 0x0000000755e00000|  0%| F|  |TAMS 0x0000000755c00000| PB 0x0000000755c00000| Untracked 
| 168|0x0000000755e00000, 0x0000000755e00000, 0x0000000756000000|  0%| F|  |TAMS 0x0000000755e00000| PB 0x0000000755e00000| Untracked 
| 169|0x0000000756000000, 0x0000000756000000, 0x0000000756200000|  0%| F|  |TAMS 0x0000000756000000| PB 0x0000000756000000| Untracked 
|1519|0x00000007fec00000, 0x00000007fee00000, 0x00000007fee00000|100%| O|  |TAMS 0x00000007fee00000| PB 0x00000007fec00000| Untracked 
|1520|0x00000007fee00000, 0x00000007ff000000, 0x00000007ff000000|100%| O|  |TAMS 0x00000007ff000000| PB 0x00000007fee00000| Untracked 
|1521|0x00000007ff000000, 0x00000007ff200000, 0x00000007ff200000|100%| O|  |TAMS 0x00000007ff200000| PB 0x00000007ff000000| Untracked 
|1522|0x00000007ff200000, 0x00000007ff400000, 0x00000007ff400000|100%| O|  |TAMS 0x00000007ff400000| PB 0x00000007ff200000| Untracked 
|1523|0x00000007ff400000, 0x00000007ff600000, 0x00000007ff600000|100%| O|  |TAMS 0x00000007ff600000| PB 0x00000007ff400000| Untracked 
|1524|0x00000007ff600000, 0x00000007ff800000, 0x00000007ff800000|100%| O|  |TAMS 0x00000007ff800000| PB 0x00000007ff600000| Untracked 
|1525|0x00000007ff800000, 0x00000007ffa00000, 0x00000007ffa00000|100%| O|  |TAMS 0x00000007ffa00000| PB 0x00000007ff800000| Untracked 
|1526|0x00000007ffa00000, 0x00000007ffc00000, 0x00000007ffc00000|100%| O|  |TAMS 0x00000007ffc00000| PB 0x00000007ffa00000| Untracked 
|1527|0x00000007ffc00000, 0x00000007ffe00000, 0x00000007ffe00000|100%| O|  |TAMS 0x00000007ffe00000| PB 0x00000007ffc00000| Untracked 
|1528|0x00000007ffe00000, 0x0000000800000000, 0x0000000800000000|100%| O|  |TAMS 0x0000000800000000| PB 0x00000007ffe00000| Untracked 

Card table byte_map: [0x0000022fe1530000,0x0000022fe1b30000] _byte_map_base: 0x0000022fddb29000

Marking Bits: (CMBitMap*) 0x0000022fc9898ab0
 Bits: [0x0000022fe1b30000, 0x0000022fe4af8000)

Polling page: 0x0000022fc76c0000

Metaspace:

Usage:
  Non-class:     18.02 MB used.
      Class:      2.03 MB used.
       Both:     20.05 MB used.

Virtual space:
  Non-class space:       64.00 MB reserved,      18.19 MB ( 28%) committed,  1 nodes.
      Class space:        1.00 GB reserved,       2.19 MB ( <1%) committed,  1 nodes.
             Both:        1.06 GB reserved,      20.38 MB (  2%) committed. 

Chunk freelists:
   Non-Class:  12.92 MB
       Class:  13.83 MB
        Both:  26.75 MB

MaxMetaspaceSize: unlimited
CompressedClassSpaceSize: 1.00 GB
Initial GC threshold: 21.00 MB
Current GC threshold: 33.88 MB
CDS: on
 - commit_granule_bytes: 65536.
 - commit_granule_words: 8192.
 - virtual_space_node_default_size: 8388608.
 - enlarge_chunks_in_place: 1.
 - use_allocation_guard: 0.


Internal statistics:

num_allocs_failed_limit: 0.
num_arena_births: 262.
num_arena_deaths: 0.
num_vsnodes_births: 2.
num_vsnodes_deaths: 0.
num_space_committed: 326.
num_space_uncommitted: 0.
num_chunks_returned_to_freelist: 0.
num_chunks_taken_from_freelist: 634.
num_chunk_merges: 0.
num_chunk_splits: 415.
num_chunks_enlarged: 302.
num_inconsistent_stats: 0.

CodeHeap 'non-profiled nmethods': size=120000Kb used=2292Kb max_used=2292Kb free=117707Kb
 bounds [0x0000022fd9a00000, 0x0000022fd9c70000, 0x0000022fe0f30000]
CodeHeap 'profiled nmethods': size=120000Kb used=8244Kb max_used=8244Kb free=111755Kb
 bounds [0x0000022fd1f30000, 0x0000022fd2740000, 0x0000022fd9460000]
CodeHeap 'non-nmethods': size=5760Kb used=1567Kb max_used=1659Kb free=4192Kb
 bounds [0x0000022fd9460000, 0x0000022fd96d0000, 0x0000022fd9a00000]
CodeCache: size=245760Kb, used=12103Kb, max_used=12195Kb, free=233654Kb
 total_blobs=4478, nmethods=3908, adapters=475, full_count=0
Compilation: enabled, stopped_count=0, restarted_count=0

Compilation events (20 events):
Event: 4.858 Thread 0x0000022fed2122b0 nmethod 3741 0x0000022fd9c3b290 code [0x0000022fd9c3b420, 0x0000022fd9c3b778]
Event: 4.858 Thread 0x0000022fed2122b0 3896       4       java.util.HashMap::remove (26 bytes)
Event: 4.862 Thread 0x0000022fe6fc4f80 3945       3       java.util.concurrent.locks.ReentrantReadWriteLock$Sync::tryReleaseShared (146 bytes)
Event: 4.862 Thread 0x0000022fe6fc4f80 nmethod 3945 0x0000022fd2738810 code [0x0000022fd2738a80, 0x0000022fd27396c8]
Event: 4.863 Thread 0x0000022fe6fc4f80 3946       3       java.util.concurrent.locks.AbstractQueuedSynchronizer::acquireShared (20 bytes)
Event: 4.863 Thread 0x0000022fe6fc4f80 nmethod 3946 0x0000022fd2739c10 code [0x0000022fd2739de0, 0x0000022fd273a060]
Event: 4.864 Thread 0x0000022fe6fc4f80 3947       3       java.util.concurrent.locks.ReentrantReadWriteLock$Sync::tryAcquireShared (177 bytes)
Event: 4.865 Thread 0x0000022fe6fc4f80 nmethod 3947 0x0000022fd273a110 code [0x0000022fd273a3c0, 0x0000022fd273b298]
Event: 4.865 Thread 0x0000022fe6fc4f80 3948       3       java.util.concurrent.locks.AbstractQueuedSynchronizer::acquire (20 bytes)
Event: 4.865 Thread 0x0000022fe6fc4f80 nmethod 3948 0x0000022fd273b810 code [0x0000022fd273b9e0, 0x0000022fd273bc60]
Event: 4.867 Thread 0x0000022fe6fc4f80 3949       1       java.util.zip.Deflater$DeflaterZStreamRef::address (5 bytes)
Event: 4.867 Thread 0x0000022fe6fc4f80 nmethod 3949 0x0000022fd9c3b910 code [0x0000022fd9c3baa0, 0x0000022fd9c3bb68]
Event: 4.867 Thread 0x0000022fe6fc4f80 3950       3       java.util.concurrent.locks.ReentrantReadWriteLock$Sync::tryRelease (51 bytes)
Event: 4.867 Thread 0x0000022fe6fc4f80 nmethod 3950 0x0000022fd273bd10 code [0x0000022fd273bf00, 0x0000022fd273c358]
Event: 4.868 Thread 0x0000022fe6fc4f80 3951       3       java.util.concurrent.locks.ReentrantReadWriteLock$Sync::tryAcquire (92 bytes)
Event: 4.868 Thread 0x0000022fe6fc4f80 nmethod 3951 0x0000022fd273c510 code [0x0000022fd273c740, 0x0000022fd273cdb8]
Event: 4.872 Thread 0x0000022fe6fc4f80 3952       2       jdk.nio.zipfs.ZipPath::<init> (8 bytes)
Event: 4.873 Thread 0x0000022fe6fc4f80 nmethod 3952 0x0000022fd273cf90 code [0x0000022fd273d140, 0x0000022fd273d288]
Event: 4.879 Thread 0x0000022fed2122b0 nmethod 3896 0x0000022fd9c3bc10 code [0x0000022fd9c3be20, 0x0000022fd9c3ccb8]
Event: 4.880 Thread 0x0000022fed2122b0 3954       4       java.time.zone.ZoneRules::getOffsetInfo (278 bytes)

GC Heap History (20 events):
Event: 0.790 GC heap after
{Heap after GC invocations=2 (full 0):
 garbage-first heap   total 196608K, used 13741K [0x0000000740e00000, 0x0000000800000000)
  region size 2048K, 1 young (2048K), 1 survivors (2048K)
 Metaspace       used 5785K, committed 5952K, reserved 1114112K
  class space    used 483K, committed 576K, reserved 1048576K
}
Event: 1.317 GC heap before
{Heap before GC invocations=2 (full 0):
 garbage-first heap   total 196608K, used 40365K [0x0000000740e00000, 0x0000000800000000)
  region size 2048K, 14 young (28672K), 1 survivors (2048K)
 Metaspace       used 10553K, committed 10752K, reserved 1114112K
  class space    used 1045K, committed 1152K, reserved 1048576K
}
Event: 1.320 GC heap after
{Heap after GC invocations=3 (full 0):
 garbage-first heap   total 196608K, used 15157K [0x0000000740e00000, 0x0000000800000000)
  region size 2048K, 2 young (4096K), 2 survivors (4096K)
 Metaspace       used 10553K, committed 10752K, reserved 1114112K
  class space    used 1045K, committed 1152K, reserved 1048576K
}
Event: 2.743 GC heap before
{Heap before GC invocations=3 (full 0):
 garbage-first heap   total 196608K, used 152373K [0x0000000740e00000, 0x0000000800000000)
  region size 2048K, 57 young (116736K), 2 survivors (4096K)
 Metaspace       used 18690K, committed 18880K, reserved 1114112K
  class space    used 1907K, committed 1984K, reserved 1048576K
}
Event: 2.780 GC heap after
{Heap after GC invocations=4 (full 0):
 garbage-first heap   total 217088K, used 99796K [0x0000000740e00000, 0x0000000800000000)
  region size 2048K, 8 young (16384K), 8 survivors (16384K)
 Metaspace       used 18690K, committed 18880K, reserved 1114112K
  class space    used 1907K, committed 1984K, reserved 1048576K
}
Event: 3.443 GC heap before
{Heap before GC invocations=4 (full 0):
 garbage-first heap   total 217088K, used 122324K [0x0000000740e00000, 0x0000000800000000)
  region size 2048K, 20 young (40960K), 8 survivors (16384K)
 Metaspace       used 20313K, committed 20672K, reserved 1114112K
  class space    used 2067K, committed 2240K, reserved 1048576K
}
Event: 3.453 GC heap after
{Heap after GC invocations=5 (full 0):
 garbage-first heap   total 217088K, used 105710K [0x0000000740e00000, 0x0000000800000000)
  region size 2048K, 2 young (4096K), 2 survivors (4096K)
 Metaspace       used 20313K, committed 20672K, reserved 1114112K
  class space    used 2067K, committed 2240K, reserved 1048576K
}
Event: 3.629 GC heap before
{Heap before GC invocations=5 (full 0):
 garbage-first heap   total 217088K, used 154862K [0x0000000740e00000, 0x0000000800000000)
  region size 2048K, 27 young (55296K), 2 survivors (4096K)
 Metaspace       used 20425K, committed 20800K, reserved 1114112K
  class space    used 2068K, committed 2240K, reserved 1048576K
}
Event: 3.635 GC heap after
{Heap after GC invocations=6 (full 0):
 garbage-first heap   total 217088K, used 112640K [0x0000000740e00000, 0x0000000800000000)
  region size 2048K, 4 young (8192K), 4 survivors (8192K)
 Metaspace       used 20425K, committed 20800K, reserved 1114112K
  class space    used 2068K, committed 2240K, reserved 1048576K
}
Event: 3.856 GC heap before
{Heap before GC invocations=7 (full 0):
 garbage-first heap   total 217088K, used 165888K [0x0000000740e00000, 0x0000000800000000)
  region size 2048K, 31 young (63488K), 4 survivors (8192K)
 Metaspace       used 20441K, committed 20800K, reserved 1114112K
  class space    used 2068K, committed 2240K, reserved 1048576K
}
Event: 3.868 GC heap after
{Heap after GC invocations=8 (full 0):
 garbage-first heap   total 217088K, used 121295K [0x0000000740e00000, 0x0000000800000000)
  region size 2048K, 4 young (8192K), 4 survivors (8192K)
 Metaspace       used 20441K, committed 20800K, reserved 1114112K
  class space    used 2068K, committed 2240K, reserved 1048576K
}
Event: 3.979 GC heap before
{Heap before GC invocations=8 (full 0):
 garbage-first heap   total 217088K, used 172495K [0x0000000740e00000, 0x0000000800000000)
  region size 2048K, 30 young (61440K), 4 survivors (8192K)
 Metaspace       used 20443K, committed 20800K, reserved 1114112K
  class space    used 2068K, committed 2240K, reserved 1048576K
}
Event: 3.990 GC heap after
{Heap after GC invocations=9 (full 0):
 garbage-first heap   total 368640K, used 127323K [0x0000000740e00000, 0x0000000800000000)
  region size 2048K, 4 young (8192K), 4 survivors (8192K)
 Metaspace       used 20443K, committed 20800K, reserved 1114112K
  class space    used 2068K, committed 2240K, reserved 1048576K
}
Event: 4.275 GC heap before
{Heap before GC invocations=9 (full 0):
 garbage-first heap   total 368640K, used 278875K [0x0000000740e00000, 0x0000000800000000)
  region size 2048K, 79 young (161792K), 4 survivors (8192K)
 Metaspace       used 20462K, committed 20800K, reserved 1114112K
  class space    used 2068K, committed 2240K, reserved 1048576K
}
Event: 4.291 GC heap after
{Heap after GC invocations=10 (full 0):
 garbage-first heap   total 368640K, used 144234K [0x0000000740e00000, 0x0000000800000000)
  region size 2048K, 10 young (20480K), 10 survivors (20480K)
 Metaspace       used 20462K, committed 20800K, reserved 1114112K
  class space    used 2068K, committed 2240K, reserved 1048576K
}
Event: 4.495 GC heap before
{Heap before GC invocations=10 (full 0):
 garbage-first heap   total 368640K, used 283498K [0x0000000740e00000, 0x0000000800000000)
  region size 2048K, 78 young (159744K), 10 survivors (20480K)
 Metaspace       used 20472K, committed 20800K, reserved 1114112K
  class space    used 2068K, committed 2240K, reserved 1048576K
}
Event: 4.525 GC heap after
{Heap after GC invocations=11 (full 0):
 garbage-first heap   total 368640K, used 168382K [0x0000000740e00000, 0x0000000800000000)
  region size 2048K, 10 young (20480K), 10 survivors (20480K)
 Metaspace       used 20472K, committed 20800K, reserved 1114112K
  class space    used 2068K, committed 2240K, reserved 1048576K
}
Event: 4.715 GC heap before
{Heap before GC invocations=11 (full 0):
 garbage-first heap   total 368640K, used 293310K [0x0000000740e00000, 0x0000000800000000)
  region size 2048K, 72 young (147456K), 10 survivors (20480K)
 Metaspace       used 20486K, committed 20800K, reserved 1114112K
  class space    used 2069K, committed 2240K, reserved 1048576K
}
Event: 4.735 GC heap after
{Heap after GC invocations=12 (full 0):
 garbage-first heap   total 368640K, used 188019K [0x0000000740e00000, 0x0000000800000000)
  region size 2048K, 9 young (18432K), 9 survivors (18432K)
 Metaspace       used 20486K, committed 20800K, reserved 1114112K
  class space    used 2069K, committed 2240K, reserved 1048576K
}
Event: 4.887 GC heap before
{Heap before GC invocations=12 (full 0):
 garbage-first heap   total 368640K, used 304755K [0x0000000740e00000, 0x0000000800000000)
  region size 2048K, 67 young (137216K), 9 survivors (18432K)
 Metaspace       used 20526K, committed 20864K, reserved 1114112K
  class space    used 2075K, committed 2240K, reserved 1048576K
}

Dll operation events (11 events):
Event: 0.007 Loaded shared library C:\Users\Admin\.jdks\corretto-21.0.8\bin\java.dll
Event: 0.008 Loaded shared library C:\Users\Admin\.jdks\corretto-21.0.8\bin\zip.dll
Event: 0.036 Loaded shared library C:\Users\Admin\.jdks\corretto-21.0.8\bin\jsvml.dll
Event: 0.278 Loaded shared library C:\Users\Admin\.jdks\corretto-21.0.8\bin\instrument.dll
Event: 0.347 Loaded shared library C:\Users\Admin\.jdks\corretto-21.0.8\bin\net.dll
Event: 0.348 Loaded shared library C:\Users\Admin\.jdks\corretto-21.0.8\bin\nio.dll
Event: 0.358 Loaded shared library C:\Users\Admin\.jdks\corretto-21.0.8\bin\zip.dll
Event: 0.597 Loaded shared library C:\Users\Admin\.jdks\corretto-21.0.8\bin\jimage.dll
Event: 1.313 Loaded shared library C:\Users\Admin\.jdks\corretto-21.0.8\bin\management.dll
Event: 1.316 Loaded shared library C:\Users\Admin\.jdks\corretto-21.0.8\bin\management_ext.dll
Event: 1.773 Loaded shared library C:\Users\Admin\.jdks\corretto-21.0.8\bin\verify.dll

Deoptimization events (20 events):
Event: 4.860 Thread 0x0000022fc759bc30 Uncommon trap: trap_request=0xffffff45 fr.pc=0x0000022fd9c21504 relative=0x0000000000000164
Event: 4.860 Thread 0x0000022fc759bc30 Uncommon trap: reason=unstable_if action=reinterpret pc=0x0000022fd9c21504 method=java.util.concurrent.locks.ReentrantReadWriteLock$Sync.tryReleaseShared(I)Z @ 134 c2
Event: 4.860 Thread 0x0000022fc759bc30 DEOPT PACKING pc=0x0000022fd9c21504 sp=0x000000b3451fe3c0
Event: 4.860 Thread 0x0000022fc759bc30 DEOPT UNPACKING pc=0x0000022fd94b469c sp=0x000000b3451fe368 mode 2
Event: 4.860 Thread 0x0000022fc759bc30 Uncommon trap: trap_request=0xffffff45 fr.pc=0x0000022fd9c39acc relative=0x00000000000001ac
Event: 4.860 Thread 0x0000022fc759bc30 Uncommon trap: reason=unstable_if action=reinterpret pc=0x0000022fd9c39acc method=java.util.concurrent.locks.ReentrantReadWriteLock$Sync.tryAcquireShared(I)I @ 60 c2
Event: 4.860 Thread 0x0000022fc759bc30 DEOPT PACKING pc=0x0000022fd9c39acc sp=0x000000b3451fe3a0
Event: 4.860 Thread 0x0000022fc759bc30 DEOPT UNPACKING pc=0x0000022fd94b469c sp=0x000000b3451fe360 mode 2
Event: 4.862 Thread 0x0000022fc759bc30 Uncommon trap: trap_request=0xffffff45 fr.pc=0x0000022fd9c3a12c relative=0x00000000000001ec
Event: 4.862 Thread 0x0000022fc759bc30 Uncommon trap: reason=unstable_if action=reinterpret pc=0x0000022fd9c3a12c method=java.util.concurrent.locks.ReentrantReadWriteLock$Sync.tryAcquire(I)Z @ 16 c2
Event: 4.862 Thread 0x0000022fc759bc30 DEOPT PACKING pc=0x0000022fd9c3a12c sp=0x000000b3451fe3c0
Event: 4.862 Thread 0x0000022fc759bc30 DEOPT UNPACKING pc=0x0000022fd94b469c sp=0x000000b3451fe310 mode 2
Event: 4.862 Thread 0x0000022fc759bc30 Uncommon trap: trap_request=0xffffff45 fr.pc=0x0000022fd9c3a628 relative=0x0000000000000108
Event: 4.862 Thread 0x0000022fc759bc30 Uncommon trap: reason=unstable_if action=reinterpret pc=0x0000022fd9c3a628 method=java.util.concurrent.locks.ReentrantReadWriteLock$Sync.tryRelease(I)Z @ 26 c2
Event: 4.862 Thread 0x0000022fc759bc30 DEOPT PACKING pc=0x0000022fd9c3a628 sp=0x000000b3451fe3c0
Event: 4.862 Thread 0x0000022fc759bc30 DEOPT UNPACKING pc=0x0000022fd94b469c sp=0x000000b3451fe370 mode 2
Event: 4.862 Thread 0x0000022fc759bc30 Uncommon trap: trap_request=0xffffff45 fr.pc=0x0000022fd9c3aaa8 relative=0x0000000000000188
Event: 4.862 Thread 0x0000022fc759bc30 Uncommon trap: reason=unstable_if action=reinterpret pc=0x0000022fd9c3aaa8 method=java.util.concurrent.locks.ReentrantReadWriteLock$Sync.tryAcquire(I)Z @ 16 c2
Event: 4.862 Thread 0x0000022fc759bc30 DEOPT PACKING pc=0x0000022fd9c3aaa8 sp=0x000000b3451fe350
Event: 4.862 Thread 0x0000022fc759bc30 DEOPT UNPACKING pc=0x0000022fd94b469c sp=0x000000b3451fe308 mode 2

Classes loaded (20 events):
Event: 3.850 Loading class java/lang/foreign/MemorySegment
Event: 3.851 Loading class java/lang/foreign/MemorySegment done
Event: 4.647 Loading class net/fabricmc/loader/impl/lib/tinyremapper/OutputConsumerPath$Builder
Event: 4.647 Loading class net/fabricmc/loader/impl/lib/tinyremapper/OutputConsumerPath$Builder done
Event: 4.648 Loading class net/fabricmc/loader/impl/lib/tinyremapper/OutputConsumerPath
Event: 4.648 Loading class net/fabricmc/loader/impl/lib/tinyremapper/OutputConsumerPath done
Event: 4.831 Loading class net/fabricmc/loader/impl/lib/tinyremapper/NonClassCopyMode
Event: 4.831 Loading class net/fabricmc/loader/impl/lib/tinyremapper/NonClassCopyMode done
Event: 4.833 Loading class net/fabricmc/loader/impl/lib/tinyremapper/OutputConsumerPath$ResourceRemapper
Event: 4.833 Loading class net/fabricmc/loader/impl/lib/tinyremapper/OutputConsumerPath$ResourceRemapper done
Event: 4.834 Loading class net/fabricmc/loader/impl/lib/tinyremapper/MetaInfFixer
Event: 4.834 Loading class net/fabricmc/loader/impl/lib/tinyremapper/MetaInfFixer done
Event: 4.852 Loading class net/fabricmc/loader/impl/lib/tinyremapper/MetaInfRemover
Event: 4.852 Loading class net/fabricmc/loader/impl/lib/tinyremapper/MetaInfRemover done
Event: 4.859 Loading class net/fabricmc/loader/impl/lib/tinyremapper/OutputConsumerPath$1
Event: 4.859 Loading class net/fabricmc/loader/impl/lib/tinyremapper/OutputConsumerPath$1 done
Event: 4.869 Loading class java/io/DataOutputStream
Event: 4.869 Loading class java/io/DataOutputStream done
Event: 4.870 Loading class java/util/concurrent/CompletableFuture$Signaller
Event: 4.870 Loading class java/util/concurrent/CompletableFuture$Signaller done

Classes unloaded (0 events):
No events

Classes redefined (1 events):
Event: 0.323 Thread 0x0000022fe6f9a7d0 redefined class name=java.lang.Throwable, count=1

Internal exceptions (20 events):
Event: 3.281 Thread 0x0000022fc759bc30 Exception <a 'sun/nio/fs/WindowsException'{0x000000074c5c6888}> (0x000000074c5c6888) 
thrown [s\src\hotspot\share\prims\jni.cpp, line 520]
Event: 3.281 Thread 0x0000022fc759bc30 Exception <a 'sun/nio/fs/WindowsException'{0x000000074c5c7060}> (0x000000074c5c7060) 
thrown [s\src\hotspot\share\prims\jni.cpp, line 520]
Event: 3.285 Thread 0x0000022fc759bc30 Exception <a 'sun/nio/fs/WindowsException'{0x000000074c218d68}> (0x000000074c218d68) 
thrown [s\src\hotspot\share\prims\jni.cpp, line 520]
Event: 3.287 Thread 0x0000022fc759bc30 Exception <a 'sun/nio/fs/WindowsException'{0x000000074c21a490}> (0x000000074c21a490) 
thrown [s\src\hotspot\share\prims\jni.cpp, line 520]
Event: 3.287 Thread 0x0000022fc759bc30 Exception <a 'sun/nio/fs/WindowsException'{0x000000074c21a5a8}> (0x000000074c21a5a8) 
thrown [s\src\hotspot\share\prims\jni.cpp, line 520]
Event: 3.289 Thread 0x0000022fc759bc30 Exception <a 'sun/nio/fs/WindowsException'{0x000000074c21bfb8}> (0x000000074c21bfb8) 
thrown [s\src\hotspot\share\prims\jni.cpp, line 520]
Event: 3.289 Thread 0x0000022fc759bc30 Exception <a 'sun/nio/fs/WindowsException'{0x000000074c21c0d0}> (0x000000074c21c0d0) 
thrown [s\src\hotspot\share\prims\jni.cpp, line 520]
Event: 3.291 Thread 0x0000022fc759bc30 Exception <a 'sun/nio/fs/WindowsException'{0x000000074c21d850}> (0x000000074c21d850) 
thrown [s\src\hotspot\share\prims\jni.cpp, line 520]
Event: 3.293 Thread 0x0000022fc759bc30 Exception <a 'sun/nio/fs/WindowsException'{0x000000074c235238}> (0x000000074c235238) 
thrown [s\src\hotspot\share\prims\jni.cpp, line 520]
Event: 3.293 Thread 0x0000022fc759bc30 Exception <a 'sun/nio/fs/WindowsException'{0x000000074c235c50}> (0x000000074c235c50) 
thrown [s\src\hotspot\share\prims\jni.cpp, line 520]
Event: 3.298 Thread 0x0000022fc759bc30 Exception <a 'sun/nio/fs/WindowsException'{0x000000074c268838}> (0x000000074c268838) 
thrown [s\src\hotspot\share\prims\jni.cpp, line 520]
Event: 3.317 Thread 0x0000022fc759bc30 Exception <a 'java/lang/NoSuchMethodError'{0x000000074c305960}: 'java.lang.Object java.lang.invoke.DirectMethodHandle$Holder.invokeStatic(java.lang.Object, java.lang.Object, int, java.lang.Object, java.lang.Object)'> (0x000000074c305960) 
thrown [s\src\hotspot\share\interpreter\linkResolver.cpp, line 773]
Event: 3.348 Thread 0x0000022fc759bc30 Exception <a 'java/lang/NoSuchMethodError'{0x000000074c3acca8}: 'void java.lang.invoke.DirectMethodHandle$Holder.invokeSpecial(java.lang.Object, java.lang.Object, java.lang.Object, java.lang.Object, java.lang.Object)'> (0x000000074c3acca8) 
thrown [s\src\hotspot\share\interpreter\linkResolver.cpp, line 773]
Event: 4.650 Thread 0x0000022fc759bc30 Exception <a 'sun/nio/fs/WindowsException'{0x0000000751ad93b8}> (0x0000000751ad93b8) 
thrown [s\src\hotspot\share\prims\jni.cpp, line 520]
Event: 4.650 Thread 0x0000022fc759bc30 Exception <a 'sun/nio/fs/WindowsException'{0x0000000751ad98c0}> (0x0000000751ad98c0) 
thrown [s\src\hotspot\share\prims\jni.cpp, line 520]
Event: 4.714 Thread 0x0000022fc759bc30 Exception <a 'sun/nio/fs/WindowsException'{0x0000000751ad9dd0}> (0x0000000751ad9dd0) 
thrown [s\src\hotspot\share\prims\jni.cpp, line 520]
Event: 4.715 Thread 0x0000022fc759bc30 Exception <a 'sun/nio/fs/WindowsException'{0x0000000751adbb90}> (0x0000000751adbb90) 
thrown [s\src\hotspot\share\prims\jni.cpp, line 520]
Event: 4.715 Thread 0x0000022fc759bc30 Exception <a 'sun/nio/fs/WindowsException'{0x0000000751adc6f0}> (0x0000000751adc6f0) 
thrown [s\src\hotspot\share\prims\jni.cpp, line 520]
Event: 4.736 Thread 0x0000022fc759bc30 Exception <a 'sun/nio/fs/WindowsException'{0x000000075609a298}> (0x000000075609a298) 
thrown [s\src\hotspot\share\prims\jni.cpp, line 520]
Event: 4.800 Thread 0x0000022fc759bc30 Implicit null exception at 0x0000022fd9c10779 to 0x0000022fd9c115c5

ZGC Phase Switch (0 events):
No events

VM Operations (20 events):
Event: 3.752 Executing VM operation: G1PauseRemark done
Event: 3.788 Executing VM operation: G1PauseCleanup
Event: 3.806 Executing VM operation: G1PauseCleanup done
Event: 3.855 Executing VM operation: G1CollectForAllocation (G1 Evacuation Pause)
Event: 3.868 Executing VM operation: G1CollectForAllocation (G1 Evacuation Pause) done
Event: 3.979 Executing VM operation: G1CollectForAllocation (G1 Evacuation Pause)
Event: 3.990 Executing VM operation: G1CollectForAllocation (G1 Evacuation Pause) done
Event: 4.275 Executing VM operation: G1CollectForAllocation (G1 Evacuation Pause)
Event: 4.275 Executing VM operation: G1CollectForAllocation (G1 Evacuation Pause) done
Event: 4.275 Executing VM operation: G1CollectForAllocation (GCLocker Initiated GC)
Event: 4.291 Executing VM operation: G1CollectForAllocation (GCLocker Initiated GC) done
Event: 4.495 Executing VM operation: G1CollectForAllocation (G1 Evacuation Pause)
Event: 4.495 Executing VM operation: G1CollectForAllocation (G1 Evacuation Pause) done
Event: 4.495 Executing VM operation: G1CollectForAllocation (GCLocker Initiated GC)
Event: 4.525 Executing VM operation: G1CollectForAllocation (GCLocker Initiated GC) done
Event: 4.713 Executing VM operation: G1CollectForAllocation (G1 Evacuation Pause)
Event: 4.714 Executing VM operation: G1CollectForAllocation (G1 Evacuation Pause) done
Event: 4.715 Executing VM operation: G1CollectForAllocation (GCLocker Initiated GC)
Event: 4.736 Executing VM operation: G1CollectForAllocation (GCLocker Initiated GC) done
Event: 4.886 Executing VM operation: G1CollectForAllocation (G1 Evacuation Pause)

Memory protections (0 events):
No events

Nmethod flushes (0 events):
No events

Events (20 events):
Event: 1.702 Thread 0x0000022fc759bc30 Thread added: 0x0000022fed33e8d0
Event: 1.707 Thread 0x0000022fed33e8d0 Thread exited: 0x0000022fed33e8d0
Event: 1.728 Thread 0x0000022fc759bc30 Thread added: 0x0000022fed33dbb0
Event: 1.732 Thread 0x0000022fed33dbb0 Thread exited: 0x0000022fed33dbb0
Event: 2.084 Thread 0x0000022fc759bc30 Thread added: 0x0000022fed33ce90
Event: 2.085 Thread 0x0000022fc759bc30 Thread added: 0x0000022fed33e240
Event: 2.096 Thread 0x0000022fc759bc30 Thread added: 0x0000022fed33e8d0
Event: 2.103 Thread 0x0000022fed33e240 Thread added: 0x0000022fed33bae0
Event: 2.624 Thread 0x0000022fed33e240 Thread exited: 0x0000022fed33e240
Event: 2.625 Thread 0x0000022fed33bae0 Thread exited: 0x0000022fed33bae0
Event: 2.625 Thread 0x0000022fed33e8d0 Thread exited: 0x0000022fed33e8d0
Event: 2.625 Thread 0x0000022fed33ce90 Thread exited: 0x0000022fed33ce90
Event: 2.792 Thread 0x0000022fc759bc30 Thread added: 0x0000022fed33dbb0
Event: 2.828 Thread 0x0000022fed33dbb0 Thread exited: 0x0000022fed33dbb0
Event: 2.946 Thread 0x0000022fe751c4b0 Thread exited: 0x0000022fe751c4b0
Event: 3.306 Thread 0x0000022fe6fc13e0 Thread added: 0x0000022fed2122b0
Event: 3.329 Thread 0x0000022fc759bc30 Thread added: 0x0000022fed33e8d0
Event: 3.329 Thread 0x0000022fc759bc30 Thread added: 0x0000022fed33c170
Event: 3.329 Thread 0x0000022fc759bc30 Thread added: 0x0000022fed33d520
Event: 3.329 Thread 0x0000022fc759bc30 Thread added: 0x0000022fed33e240


Dynamic libraries:
0x00007ff7bfa60000 - 0x00007ff7bfa6e000 	C:\Users\Admin\.jdks\corretto-21.0.8\bin\java.exe
0x00007fff76970000 - 0x00007fff76b86000 	C:\Windows\SYSTEM32\ntdll.dll
0x00007fff762e0000 - 0x00007fff763a4000 	C:\Windows\System32\KERNEL32.DLL
0x00007fff741d0000 - 0x00007fff74577000 	C:\Windows\System32\KERNELBASE.dll
0x00007fff74580000 - 0x00007fff74691000 	C:\Windows\System32\ucrtbase.dll
0x00007fff6e8b0000 - 0x00007fff6e8c8000 	C:\Users\Admin\.jdks\corretto-21.0.8\bin\jli.dll
0x00007fff6d4e0000 - 0x00007fff6d4fb000 	C:\Users\Admin\.jdks\corretto-21.0.8\bin\VCRUNTIME140.dll
0x00007fff75750000 - 0x00007fff758fe000 	C:\Windows\System32\USER32.dll
0x00007fff741a0000 - 0x00007fff741c6000 	C:\Windows\System32\win32u.dll
0x00007fff766b0000 - 0x00007fff766d9000 	C:\Windows\System32\GDI32.dll
0x00007fff63d10000 - 0x00007fff63fa3000 	C:\Windows\WinSxS\amd64_microsoft.windows.common-controls_6595b64144ccf1df_6.0.22621.3235_none_270f74e173860f98\COMCTL32.dll
0x00007fff73fe0000 - 0x00007fff740f9000 	C:\Windows\System32\gdi32full.dll
0x00007fff75470000 - 0x00007fff75517000 	C:\Windows\System32\msvcrt.dll
0x00007fff74100000 - 0x00007fff7419a000 	C:\Windows\System32\msvcp_win.dll
0x00007fff756f0000 - 0x00007fff75721000 	C:\Windows\System32\IMM32.DLL
0x00007fff6e8a0000 - 0x00007fff6e8ac000 	C:\Users\Admin\.jdks\corretto-21.0.8\bin\vcruntime140_1.dll
0x00007fff67090000 - 0x00007fff6711d000 	C:\Users\Admin\.jdks\corretto-21.0.8\bin\msvcp140.dll
0x00007ffeed110000 - 0x00007ffeedeb7000 	C:\Users\Admin\.jdks\corretto-21.0.8\bin\server\jvm.dll
0x00007fff746b0000 - 0x00007fff74762000 	C:\Windows\System32\ADVAPI32.dll
0x00007fff761b0000 - 0x00007fff76258000 	C:\Windows\System32\sechost.dll
0x00007fff73c90000 - 0x00007fff73cb8000 	C:\Windows\System32\bcrypt.dll
0x00007fff76030000 - 0x00007fff76145000 	C:\Windows\System32\RPCRT4.dll
0x00007fff76260000 - 0x00007fff762d1000 	C:\Windows\System32\WS2_32.dll
0x00007fff739b0000 - 0x00007fff739fd000 	C:\Windows\SYSTEM32\POWRPROF.dll
0x00007fff6d340000 - 0x00007fff6d374000 	C:\Windows\SYSTEM32\WINMM.dll
0x00007fff6c6e0000 - 0x00007fff6c6ea000 	C:\Windows\SYSTEM32\VERSION.dll
0x00007fff73990000 - 0x00007fff739a3000 	C:\Windows\SYSTEM32\UMPDC.dll
0x00007fff72ce0000 - 0x00007fff72cf8000 	C:\Windows\SYSTEM32\kernel.appcore.dll
0x00007fff6d560000 - 0x00007fff6d56a000 	C:\Users\Admin\.jdks\corretto-21.0.8\bin\jimage.dll
0x00007fff5fc90000 - 0x00007fff5fec3000 	C:\Windows\SYSTEM32\DBGHELP.DLL
0x00007fff75980000 - 0x00007fff75d08000 	C:\Windows\System32\combase.dll
0x00007fff763b0000 - 0x00007fff76487000 	C:\Windows\System32\OLEAUT32.dll
0x00007fff659d0000 - 0x00007fff65a02000 	C:\Windows\SYSTEM32\dbgcore.DLL
0x00007fff73f60000 - 0x00007fff73fd9000 	C:\Windows\System32\bcryptPrimitives.dll
0x00007fff66f70000 - 0x00007fff66fac000 	C:\Users\Admin\.jdks\corretto-21.0.8\bin\jdwp.dll
0x00007fff6d4d0000 - 0x00007fff6d4de000 	C:\Users\Admin\.jdks\corretto-21.0.8\bin\instrument.dll
0x00007fff6d3f0000 - 0x00007fff6d40f000 	C:\Users\Admin\.jdks\corretto-21.0.8\bin\java.dll
0x00007fff6d3d0000 - 0x00007fff6d3e8000 	C:\Users\Admin\.jdks\corretto-21.0.8\bin\zip.dll
0x00007fff74790000 - 0x00007fff74fec000 	C:\Windows\System32\SHELL32.dll
0x00007fff71c10000 - 0x00007fff72509000 	C:\Windows\SYSTEM32\windows.storage.dll
0x00007fff71ad0000 - 0x00007fff71c0e000 	C:\Windows\SYSTEM32\wintypes.dll
0x00007fff76490000 - 0x00007fff76583000 	C:\Windows\System32\SHCORE.dll
0x00007fff76150000 - 0x00007fff761ae000 	C:\Windows\System32\shlwapi.dll
0x00007fff73bc0000 - 0x00007fff73be1000 	C:\Windows\SYSTEM32\profapi.dll
0x00007fff66fb0000 - 0x00007fff67087000 	C:\Users\Admin\.jdks\corretto-21.0.8\bin\jsvml.dll
0x00007fff6d470000 - 0x00007fff6d47b000 	C:\Users\Admin\.jdks\corretto-21.0.8\bin\dt_socket.dll
0x00007fff72770000 - 0x00007fff7279d000 	C:\Windows\SYSTEM32\IPHLPAPI.DLL
0x00007fff73150000 - 0x00007fff731b9000 	C:\Windows\system32\mswsock.dll
0x00007fff6d4c0000 - 0x00007fff6d4d0000 	C:\Users\Admin\.jdks\corretto-21.0.8\bin\net.dll
0x00007fff6d570000 - 0x00007fff6d6a6000 	C:\Windows\SYSTEM32\WINHTTP.dll
0x00007fff69bd0000 - 0x00007fff69be6000 	C:\Users\Admin\.jdks\corretto-21.0.8\bin\nio.dll
0x00007fff69bc0000 - 0x00007fff69bc9000 	C:\Users\Admin\.jdks\corretto-21.0.8\bin\management.dll
0x00007fff69bb0000 - 0x00007fff69bbb000 	C:\Users\Admin\.jdks\corretto-21.0.8\bin\management_ext.dll
0x00007fff766a0000 - 0x00007fff766a8000 	C:\Windows\System32\PSAPI.DLL
0x00007fff5a5e0000 - 0x00007fff5a5f7000 	C:\Windows\system32\napinsp.dll
0x00007fff5a5c0000 - 0x00007fff5a5db000 	C:\Windows\system32\pnrpnsp.dll
0x00007fff727e0000 - 0x00007fff728d9000 	C:\Windows\SYSTEM32\DNSAPI.dll
0x00007fff75570000 - 0x00007fff75579000 	C:\Windows\System32\NSI.dll
0x00007fff58630000 - 0x00007fff58641000 	C:\Windows\System32\winrnr.dll
0x00007fff51230000 - 0x00007fff51245000 	C:\Windows\system32\wshbth.dll
0x00007fff659a0000 - 0x00007fff659c1000 	C:\Windows\system32\nlansp_c.dll
0x00007fff6b720000 - 0x00007fff6b72a000 	C:\Windows\System32\rasadhlp.dll
0x00007fff6b860000 - 0x00007fff6b8e3000 	C:\Windows\System32\fwpuclnt.dll
0x00007fff6d3c0000 - 0x00007fff6d3d0000 	C:\Users\Admin\.jdks\corretto-21.0.8\bin\verify.dll
0x00007fff733b0000 - 0x00007fff733cb000 	C:\Windows\SYSTEM32\CRYPTSP.dll
0x00007fff72c40000 - 0x00007fff72c75000 	C:\Windows\system32\rsaenh.dll
0x00007fff73240000 - 0x00007fff73268000 	C:\Windows\SYSTEM32\USERENV.dll
0x00007fff733a0000 - 0x00007fff733ac000 	C:\Windows\SYSTEM32\CRYPTBASE.dll

JVMTI agents:
jdwp path:C:\Users\Admin\.jdks\corretto-21.0.8\bin\jdwp.dll, loaded, initialized, options:transport=dt_socket,server=n,suspend=y,address=127.0.0.1:50523
C:\Users\Admin\AppData\Local\JetBrains\IdeaIC2025.2\captureAgent\debugger-agent.jar path:C:\Users\Admin\.jdks\corretto-21.0.8\bin\instrument.dll, loaded, initialized, instrumentlib options:file:///C:/Users/Admin/AppData/Local/Temp/capture9247731038438732711.props

dbghelp: loaded successfully - version: 4.0.5 - missing functions: none
symbol engine: initialized successfully - sym options: 0x614 - pdb path: .;C:\Users\Admin\.jdks\corretto-21.0.8\bin;C:\Windows\SYSTEM32;C:\Windows\WinSxS\amd64_microsoft.windows.common-controls_6595b64144ccf1df_6.0.22621.3235_none_270f74e173860f98;C:\Users\Admin\.jdks\corretto-21.0.8\bin\server

VM Arguments:
jvm_args: -Ddebugger.agent.enable.coroutines=true -Dfabric.dli.config=C:\Users\Admin\Desktop\luxury2\.gradle\loom-cache\launch.cfg -Dfabric.dli.env=client -Dfabric.dli.main=net.fabricmc.loader.impl.launch.knot.KnotClient -Dkotlinx.coroutines.debug.enable.creation.stack.trace=false -Dkotlinx.coroutines.debug.enable.flows.stack.trace=true -Dkotlinx.coroutines.debug.enable.mutable.state.flows.stack.trace=true -agentlib:jdwp=transport=dt_socket,server=n,suspend=y,address=127.0.0.1:50523 -javaagent:C:\Users\Admin\AppData\Local\JetBrains\IdeaIC2025.2\captureAgent\debugger-agent.jar=file:///C:/Users/Admin/AppData/Local/Temp/capture9247731038438732711.props -Dfile.encoding=UTF-8 -Duser.country=RU -Duser.language=ru -Duser.variant 
java_command: net.fabricmc.devlaunchinjector.Main
java_class_path (initial): C:\Users\Admin\Desktop\luxury2\build\classes\java\main;C:\Users\Admin\Desktop\luxury2\build\resources\main;C:\Users\Admin\.gradle\caches\fabric-loom\1.21.4\net.fabricmc.yarn.1_21_4.1.21.4+build.8-v2\mappings.jar;C:\Users\Admin\.gradle\caches\modules-2\files-2.1\dev.redstones.mediaplayerinfo\media-player-info\0.1.0\32aa3b264c4fd692636e6d35ca97dec2ee074994\media-player-info-0.1.0.jar;C:\Users\Admin\.gradle\caches\modules-2\files-2.1\com.github.hypfvieh\dbus-java-transport-jnr-unixsocket\5.0.0\45604388617e766bfda8aed601b870c45cf1618e\dbus-java-transport-jnr-unixsocket-5.0.0.jar;C:\Users\Admin\.gradle\caches\modules-2\files-2.1\com.github.jnr\jnr-unixsocket\0.38.21\a82bcad60a471aff9c73c944322ce10481029c80\jnr-unixsocket-0.38.21.jar;C:\Users\Admin\.gradle\caches\modules-2\files-2.1\com.github.jnr\jnr-enxio\0.32.16\e5150a15ba39c3712510020ad164d424b6878551\jnr-enxio-0.32.16.jar;C:\Users\Admin\.gradle\caches\modules-2\files-2.1\com.github.jnr\jnr-posix\3.1.18\b8dd3917e186f47636bf50a2483e40d49880ca67\jnr-posix-3.1.18.jar;C:\Users\Admin\.gradle\caches\modules-2\files-2.1\com.github.jnr\jnr-ffi\2.2.15\fa3c32f463423469de314b03a157d5f1f7476ec0\jnr-ffi-2.2.15.jar;C:\Users\Admin\.gradle\caches\modules-2\files-2.1\org.ow2.asm\asm-commons\9.7.1\406c6a2225cfe1819f102a161e54cc16a5c24f75\asm-commons-9.7.1.jar;C:\Users\Admin\.gradle\caches\modules-2\files-2.1\org.ow2.asm\asm-util\9.7.1\9e23359b598ec6b74b23e53110dd5c577adf2243\asm-util-9.7.1.jar;C:\Users\Admin\.gradle\caches\modules-2\files-2.1\org.ow2.asm\asm-analysis\9.7.1\f97a3b319f0ed6a8cd944dc79060d3912a28985f\asm-analysis-9.7.1.jar;C:\Users\Admin\.gradle\caches\modules-2\files-2.1\org.ow2.asm\asm-tree\9.7.1\3a53139787663b139de76b627fca0084ab60d32c\asm-tree-9.7.1.jar;C:\Users\Admin\.gradle\caches\modules-2\files-2.1\org.ow2.asm\asm\9.7.1\f0ed132a49244b042cd0e15702ab9f2ce3cc8436\asm-9.7.1.jar;C:\Users\Admin\.gradle\caches\modules-2\files-2.1\net.fabricmc\sponge-mixin\0.15.4+mixin.0.8.7\6a12aacc794f1078458433116e9ed42c1cc98096\sponge-mixin-0.15.4+mixin.0.8.7.jar;C:\Users\Admin\.gradle\caches\modules-2\files-2.1\io.github.llamalad7\mixinextras-fabric\0.4.1\8d1a9e96afb990367fa1f904d17580d164da72e3\mixinextras-fabric-0.4.1.jar;C:\Users\Admin\.gradle\caches\modules-2\files-2.1\net.fabricmc\dev-launch-injector\0.2.1+build.8\da8bef7e6e2f952da707f282bdb46882a0fce5e3\dev-launch-injector-0.2.1+build.8.jar;C:\Users\Admin\.gradle\caches\modules-2\files-2.1\net.minecrell\terminalconsoleappender\1.3.0\b562e9bb61235c9520e26282cdee71f8f802d1fc\terminalconsoleappender-1.3.0.jar;C:\Users\Admin\.gradle\caches\modules-2\files-2.1\com.fasterxml.jackson.core\jackson-annotations\2.13.4\858c6cc78e1f08a885b1613e1d817c829df70a6e\jackson-annotations-2.13.4.jar;C:\Users\Admin\.gradle\caches\modules-2\files-2.1\com.fasterxml.jackson.core\jackson-core\2.13.4\cf934c681294b97ef6d80082faeefbe1edadf56\jackson-core-2.13.4.jar;C:\Users\Admin\.gradle\caches\modules-2\files-2.1\com.fasterxml.jackson.core\jackson-databind\2.13.4.2\325c06bdfeb628cfb80ebaaf1a26cc1eb558a585\jackson-databind-2.13.4.2.jar;C:\Users\Admin\.gradle\caches\modules-2\files-2.1\com.github.oshi\oshi-core\6.6.5\e1099981fd15dc4236c4499d82aba1276fb43a9a\oshi-core-6.6.5.jar;C:\Users\Admin\.gradle\caches\modules-2\files-2.1\com.github.stephenc.jcip\jcip-annotations\1.0-1\ef31541dd28ae2cefdd17c7ebf352d93e9058c63\jcip-annotations-1.0-1.jar;C:\Users\Admin\.gradle\caches\modules-2\files-2.1\com.google.code.gson\gson\2.11.0\527175ca6d81050b53bdd4c457a6d6e017626b0e\gson-2.11.0.jar;C:\Users\Admin\.gradle\caches\modules-2\files-2.1\com.google.guava\failureaccess\1.0.2\c4a06a64e650562f30b7bf9aaec1bfed43aca12b\failureaccess-1.0.2.jar;C:\Users\Admin\.gradle\caches\modules-2\files-2.1\com.google.guava\guava\33.3.1-jre\852f8b363da0111e819460021ca693cacca3e8db\guava-33.3.1-jre.jar;C:\Users\Admin\.gradle\caches\modules-2\files-2.1\com.ibm.icu\icu4j\76.1\215f3a8e936d4069344bd75f2b1368fd58112894\icu4j-76.1.jar;C:\Users\Admin\.gradle\caches\modules-2\files-2.1\com.microsoft.azure\msal4j\1.17.2\a6211e3d71d0388929babaa0ff0951b30d001852\msal4j-1.17.2.jar;C:\Users\Admin\.gradle\caches\modules-2\files-2.1\com.mojang\authlib\6.0.57\bded3161a7346de32213da750388ec6529fe4f6b\authlib-6.0.57.jar;C:\Users\Admin\.gradle\caches\modules-2\files-2.1\com.mojang\blocklist\1.0.10\5c685c5ffa94c4cd39496c7184c1d122e515ecef\blocklist-1.0.10.jar;C:\Users\Admin\.gradle\caches\modules-2\files-2.1\com.mojang\brigadier\1.3.10\d15b53a14cf20fdcaa98f731af5dda654452c010\brigadier-1.3.10.jar;C:\Users\Admin\.gradle\caches\modules-2\files-2.1\com.mojang\datafixerupper\8.0.16\67d4de6d7f95d89bcf5862995fb854ebaec02a34\datafixerupper-8.0.16.jar;C:\Users\Admin\.gradle\caches\modules-2\files-2.1\com.mojang\jtracy\1.0.29\6f07dcb6a2e595c7ee2ca43b67e5d1c018ca0770\jtracy-1.0.29.jar;C:\Users\Admin\.gradle\caches\modules-2\files-2.1\com.mojang\jtracy\1.0.29\e05332cb31c7ae582dc8d8bd1bffd47c2ff7636f\jtracy-1.0.29-natives-windows.jar;C:\Users\Admin\.gradle\caches\modules-2\files-2.1\com.mojang\logging\1.5.10\9ab1202793717af9df9c1704d0a02892067001eb\logging-1.5.10.jar;C:\Users\Admin\.gradle\caches\modules-2\files-2.1\com.mojang\patchy\2.2.10\da05971b07cbb379d002cf7eaec6a2048211fefc\patchy-2.2.10.jar;C:\Users\Admin\.gradle\caches\modules-2\files-2.1\com.mojang\text2speech\1.17.9\3cad216e3a7f0c19b4b394388bc9ffc446f13b14\text2speech-1.17.9.jar;C:\Users\Admin\.gradle\caches\modules-2\files-2.1\com.nimbusds\content-type\2.3\e3aa0be212d7a42839a8f3f506f5b990bcce0222\content-type-2.3.jar;C:\Users\Admin\.gradle\caches\modules-2\files-2.1\com.nimbusds\lang-tag\1.7\97c73ecd70bc7e8eefb26c5eea84f251a63f1031\lang-tag-1.7.jar;C:\Users\Admin\.gradle\caches\modules-2\files-2.1\com.nimbusds\nimbus-jose-jwt\9.40\42b1dfa0360e4062951b070bac52dd8d96fd7b38\nimbus-jose-jwt-9.40.jar;C:\Users\Admin\.gradle\caches\modules-2\files-2.1\com.nimbusds\oauth2-oidc-sdk\11.18\7c7ec4f4066625ff07a711ad856fa04da1ff9de\oauth2-oidc-sdk-11.18.jar;C:\Users\Admin\.gradle\caches\modules-2\files-2.1\commons-codec\commons-codec\1.17.1\973638b7149d333563584137ebf13a691bb60579\commons-codec-1.17.1.jar;C:\Users\Admin\.gradle\caches\modules-2\files-2.1\commons-io\commons-io\2.17.0\ddcc8433eb019fb48fe25207c0278143f3e1d7e2\commons-io-2.17.0.jar;C:\Users\Admin\.gradle\caches\modules-2\files-2.1\commons-logging\commons-logging\1.3.4\b9fc14968d63a8b8a8a2c1885fe3e90564239708\commons-logging-1.3.4.jar;C:\Users\Admin\.gradle\caches\modules-2\files-2.1\io.netty\netty-buffer\4.1.115.Final\d5daf1030e5c36d198caf7562da2441a97ec0df6\netty-buffer-4.1.115.Final.jar;C:\Users\Admin\.gradle\caches\modules-2\files-2.1\io.netty\netty-codec\4.1.115.Final\d326bf3a4c785b272da3db6941779a1bd5448378\netty-codec-4.1.115.Final.jar;C:\Users\Admin\.gradle\caches\modules-2\files-2.1\io.netty\netty-common\4.1.115.Final\9da10a9f72e3f87e181d91b525174007a6fc4f11\netty-common-4.1.115.Final.jar;C:\Users\Admin\.gradle\caches\modules-2\files-2.1\io.netty\netty-handler\4.1.115.Final\d54dbf68b9d88a98240107758c6b63da5e46e23a\netty-handler-4.1.115.Final.jar;C:\Users\Admin\.gradle\caches\modules-2\files-2.1\io.netty\netty-resolver\4.1.115.Final\e33b4d476c03975957f5d8d0319d592bf2bc5e96\netty-resolver-4.1.115.Final.jar;C:\Users\Admin\.gradle\caches\modules-2\files-2.1\io.netty\netty-transport-classes-epoll\4.1.115.Final\11fea00408ecbd8b8d1f0698d708e37db4a01841\netty-transport-classes-epoll-4.1.115.Final.jar;C:\Users\Admin\.gradle\caches\modules-2\files-2.1\io.netty\netty-transport-native-unix-common\4.1.115.Final\dc96c67d06cd6b5eb677f2728f27bf2e3d9a7284\netty-transport-native-unix-common-4.1.115.Final.jar;C:\Users\Admin\.gradle\caches\modules-2\files-2.1\io.netty\netty-transport\4.1.115.Final\39cef77c1a25908ac1abf4960c2e789f0bf70ff9\netty-transport-4.1.115.Final.jar;C:\Users\Admin\.gradle\caches\modules-2\files-2.1\it.unimi.dsi\fastutil\8.5.15\1e885b40c9563ab0d3899b871fd0b30e958705dc\fastutil-8.5.15.jar;C:\Users\Admin\.gradle\caches\modules-2\files-2.1\net.java.dev.jna\jna-platform\5.15.0\86b502cad57d45da172b5e3231c537b042e296ef\jna-platform-5.15.0.jar;C:\Users\Admin\.gradle\caches\modules-2\files-2.1\net.java.dev.jna\jna\5.15.0\1ee1d80ff44f08280188f7c0e740d57207841ac\jna-5.15.0.jar;C:\Users\Admin\.gradle\caches\modules-2\files-2.1\net.minidev\accessors-smart\2.5.1\19b820261eb2e7de7d5bde11d1c06e4501dd7e5f\accessors-smart-2.5.1.jar;C:\Users\Admin\.gradle\caches\modules-2\files-2.1\net.minidev\json-smart\2.5.1\4c11d2808d009132dfbbf947ebf37de6bf266c8e\json-smart-2.5.1.jar;C:\Users\Admin\.gradle\caches\modules-2\files-2.1\net.sf.jopt-simple\jopt-simple\5.0.4\4fdac2fbe92dfad86aa6e9301736f6b4342a3f5c\jopt-simple-5.0.4.jar;C:\Users\Admin\.gradle\caches\modules-2\files-2.1\org.apache.commons\commons-compress\1.27.1\a19151084758e2fbb6b41eddaa88e7b8ff4e6599\commons-compress-1.27.1.jar;C:\Users\Admin\.gradle\caches\modules-2\files-2.1\org.apache.commons\commons-lang3\3.17.0\b17d2136f0460dcc0d2016ceefca8723bdf4ee70\commons-lang3-3.17.0.jar;C:\Users\Admin\.gradle\caches\modules-2\files-2.1\org.apache.httpcomponents\httpclient\4.5.14\1194890e6f56ec29177673f2f12d0b8e627dec98\httpclient-4.5.14.jar;C:\Users\Admin\.gradle\caches\modules-2\files-2.1\org.apache.httpcomponents\httpcore\4.4.16\51cf043c87253c9f58b539c9f7e44c8894223850\httpcore-4.4.16.jar;C:\Users\Admin\.gradle\caches\modules-2\files-2.1\org.apache.logging.log4j\log4j-core\2.24.1\c85285146f28d8c8962384f786e2dff04172fb43\log4j-core-2.24.1.jar;C:\Users\Admin\.gradle\caches\modules-2\files-2.1\org.apache.logging.log4j\log4j-api\2.24.1\7ebeb12c20606373005af4232cd0ecca72613dda\log4j-api-2.24.1.jar;C:\Users\Admin\.gradle\caches\modules-2\files-2.1\org.apache.logging.log4j\log4j-slf4j2-impl\2.24.1\8e3ddc96464ef7f768823e7e001a52b23de8cd0a\log4j-slf4j2-impl-2.24.1.jar;C:\Users\Admin\.gradle\caches\modules-2\files-2.1\org.jcraft\jorbis\0.0.17\8872d22b293e8f5d7d56ff92be966e6dc28ebdc6\jorbis-0.0.17.jar;C:\Users\Admin\.gradle\caches\modules-2\files-2.1\org.joml\joml\1.10.8\fc0a71dad90a2cf41d82a76156a0e700af8e4f8d\joml-1.10.8.jar;C:\Users\Admin\.gradle\caches\modules-2\files-2.1\org.lwjgl\lwjgl-freetype\3.3.3\a0db6c84a8becc8ca05f9dbfa985edc348a824c7\lwjgl-freetype-3.3.3.jar;C:\Users\Admin\.gradle\caches\modules-2\files-2.1\org.lwjgl\lwjgl-freetype\3.3.3\81091b006dbb43fab04c8c638e9ac87c51b4096d\lwjgl-freetype-3.3.3-natives-windows.jar;C:\Users\Admin\.gradle\caches\modules-2\files-2.1\org.lwjgl\lwjgl-freetype\3.3.3\82028265a0a2ff33523ca75137ada7dc176e5210\lwjgl-freetype-3.3.3-natives-windows-arm64.jar;C:\Users\Admin\.gradle\caches\modules-2\files-2.1\org.lwjgl\lwjgl-freetype\3.3.3\15a8c1de7f51d07a92eae7ce1222557073a0c0c3\lwjgl-freetype-3.3.3-natives-windows-x86.jar;C:\Users\Admin\.gradle\caches\modules-2\files-2.1\org.lwjgl\lwjgl-glfw\3.3.3\efa1eb78c5ccd840e9f329717109b5e892d72f8e\lwjgl-glfw-3.3.3.jar;C:\Users\Admin\.gradle\caches\modules-2\files-2.1\org.lwjgl\lwjgl-glfw\3.3.3\e449e28b4891fc423c54c85fbc5bb0b9efece67a\lwjgl-glfw-3.3.3-natives-windows.jar;C:\Users\Admin\.gradle\caches\modules-2\files-2.1\org.lwjgl\lwjgl-glfw\3.3.3\f27018dc74f6289574502b46cce55d52817554e2\lwjgl-glfw-3.3.3-natives-windows-arm64.jar;C:\Users\Admin\.gradle\caches\modules-2\files-2.1\org.lwjgl\lwjgl-glfw\3.3.3\32334f3fd5270a59bad9939a93115acb6de36dcf\lwjgl-glfw-3.3.3-natives-windows-x86.jar;C:\Users\Admin\.gradle\caches\modules-2\files-2.1\org.lwjgl\lwjgl-jemalloc\3.3.3\b543467b7ff3c6920539a88ee602d34098628be5\lwjgl-jemalloc-3.3.3.jar;C:\Users\Admin\.gradle\caches\modules-2\files-2.1\org.lwjgl\lwjgl-jemalloc\3.3.3\426222fc027602a5f21b9c0fe79cde6a4c7a011f\lwjgl-jemalloc-3.3.3-natives-windows.jar;C:\Users\Admin\.gradle\caches\modules-2\files-2.1\org.lwjgl\lwjgl-jemalloc\3.3.3\ba1f3fed0ee4be0217eaa41c5bbfb4b9b1383c33\lwjgl-jemalloc-3.3.3-natives-windows-arm64.jar;C:\Users\Admin\.gradle\caches\modules-2\files-2.1\org.lwjgl\lwjgl-jemalloc\3.3.3\f6063b6e0f23be483c5c88d84ce51b39dc69126c\lwjgl-jemalloc-3.3.3-natives-windows-x86.jar;C:\Users\Admin\.gradle\caches\modules-2\files-2.1\org.lwjgl\lwjgl-openal\3.3.3\daada81ceb5fc0c291fbfdd4433cb8d9423577f2\lwjgl-openal-3.3.3.jar;C:\Users\Admin\.gradle\caches\modules-2\files-2.1\org.lwjgl\lwjgl-openal\3.3.3\cf83862ae95d98496b26915024c7e666d8ab1c8f\lwjgl-openal-3.3.3-natives-windows.jar;C:\Users\Admin\.gradle\caches\modules-2\files-2.1\org.lwjgl\lwjgl-openal\3.3.3\8e0615235116b9e4160dfe87bec90f5f6378bf72\lwjgl-openal-3.3.3-natives-windows-arm64.jar;C:\Users\Admin\.gradle\caches\modules-2\files-2.1\org.lwjgl\lwjgl-openal\3.3.3\87b8d5050e3adb46bb58fe1cb2669a4a48fce10d\lwjgl-openal-3.3.3-natives-windows-x86.jar;C:\Users\Admin\.gradle\caches\modules-2\files-2.1\org.lwjgl\lwjgl-opengl\3.3.3\2f6b0147078396a58979125a4c947664e98293a\lwjgl-opengl-3.3.3.jar;C:\Users\Admin\.gradle\caches\modules-2\files-2.1\org.lwjgl\lwjgl-opengl\3.3.3\e6c1eec8be8a71951b830a4d69efc01c6531900c\lwjgl-opengl-3.3.3-natives-windows.jar;C:\Users\Admin\.gradle\caches\modules-2\files-2.1\org.lwjgl\lwjgl-opengl\3.3.3\65e956d3735a1abdc82eff4baec1b61174697d4b\lwjgl-opengl-3.3.3-natives-windows-arm64.jar;C:\Users\Admin\.gradle\caches\modules-2\files-2.1\org.lwjgl\lwjgl-opengl\3.3.3\d32d833dcaa2f355a886eaf21f0408b5f03241d\lwjgl-opengl-3.3.3-natives-windows-x86.jar;C:\Users\Admin\.gradle\caches\modules-2\files-2.1\org.lwjgl\lwjgl-stb\3.3.3\25dd6161988d7e65f71d5065c99902402ee32746\lwjgl-stb-3.3.3.jar;C:\Users\Admin\.gradle\caches\modules-2\files-2.1\org.lwjgl\lwjgl-stb\3.3.3\1d9facdf6541de114b0f963be33505b7679c78cb\lwjgl-stb-3.3.3-natives-windows.jar;C:\Users\Admin\.gradle\caches\modules-2\files-2.1\org.lwjgl\lwjgl-stb\3.3.3\a584ab44de569708871f0a79561f4d8c37487f2c\lwjgl-stb-3.3.3-natives-windows-arm64.jar;C:\Users\Admin\.gradle\caches\modules-2\files-2.1\org.lwjgl\lwjgl-stb\3.3.3\b5c874687b9aac1a936501d4ed2c49567fd1b575\lwjgl-stb-3.3.3-natives-windows-x86.jar;C:\Users\Admin\.gradle\caches\modules-2\files-2.1\org.lwjgl\lwjgl-tinyfd\3.3.3\82d755ca94b102e9ca77283b9e2dc46d1b15fbe5\lwjgl-tinyfd-3.3.3.jar;C:\Users\Admin\.gradle\caches\modules-2\files-2.1\org.lwjgl\lwjgl-tinyfd\3.3.3\a6697981b0449a5087c1d546fc08b4f73e8f98c9\lwjgl-tinyfd-3.3.3-natives-windows.jar;C:\Users\Admin\.gradle\caches\modules-2\files-2.1\org.lwjgl\lwjgl-tinyfd\3.3.3\a88c494f3006eb91a7433b12a3a55a9a6c20788b\lwjgl-tinyfd-3.3.3-natives-windows-arm64.jar;C:\Users\Admin\.gradle\caches\modules-2\files-2.1\org.lwjgl\lwjgl-tinyfd\3.3.3\c336c84ee88cccb495c6ffa112395509e7378e8a\lwjgl-tinyfd-3.3.3-natives-windows-x86.jar;C:\Users\Admin\.gradle\caches\modules-2\files-2.1\org.lwjgl\lwjgl\3.3.3\29589b5f87ed335a6c7e7ee6a5775f81f97ecb84\lwjgl-3.3.3.jar;C:\Users\Admin\.gradle\caches\modules-2\files-2.1\org.lwjgl\lwjgl\3.3.3\a5ed18a2b82fc91b81f40d717cb1f64c9dcb0540\lwjgl-3.3.3-natives-windows.jar;C:\Users\Admin\.gradle\caches\modules-2\files-2.1\org.lwjgl\lwjgl\3.3.3\e9aca8c5479b520a2a7f0d542a118140e812c5e8\lwjgl-3.3.3-natives-windows-arm64.jar;C:\Users\Admin\.gradle\caches\modules-2\files-2.1\org.lwjgl\lwjgl\3.3.3\9e670718e050aeaeea0c2d5b907cffb142f2e58f\lwjgl-3.3.3-natives-windows-x86.jar;C:\Users\Admin\.gradle\caches\modules-2\files-2.1\org.lz4\lz4-java\1.8.0\4b986a99445e49ea5fbf5d149c4b63f6ed6c6780\lz4-java-1.8.0.jar;C:\Users\Admin\.gradle\caches\modules-2\files-2.1\com.github.hypfvieh\dbus-java-core\5.0.0\fe1faacc4e7be00387b715a16a658bcc1cfc6434\dbus-java-core-5.0.0.jar;C:\Users\Admin\.gradle\caches\modules-2\files-2.1\org.slf4j\slf4j-api\2.0.16\172931663a09a1fa515567af5fbef00897d3c04\slf4j-api-2.0.16.jar;C:\Users\Admin\Desktop\luxury2\.gradle\loom-cache\minecraftMaven\net\minecraft\minecraft-merged-a172fc6613\1.21.4-net.fabricmc.yarn.1_21_4.1.21.4+build.8-v2\minecraft-merged-a172fc6613-1.21.4-net.fabricmc.yarn.1_21_4.1.21.4+build.8-v2.jar;C:\Users\Admin\.gradle\caches\modules-2\files-2.1\io.netty\netty-transport-native-epoll\4.1.115.Final\a6cc58c4a259bad159cbb06120cea9b3474e86a0\netty-transport-native-epoll-4.1.115.Final-linux-x86_64.jar;C:\Users\Admin\.gradle\caches\modules-2\files-2.1\io.netty\netty-transport-native-epoll\4.1.115.Final\a80b32f98ceb4e27958c0ceaf22ddad9ea6c0d4e\netty-transport-native-epoll-4.1.115.Final-linux-aarch_64.jar;C:\Users\Admin\.gradle\caches\modules-2\files-2.1\net.fabricmc\fabric-loader\0.16.10\dbd932c2a3641d2c41cf9abfe47e140a5753fa86\fabric-loader-0.16.10.jar;C:\Users\Admin\.gradle\caches\modules-2\files-2.1\org.projectlombok\lombok\1.18.34\ec547ef414ab1d2c040118fb9c1c265ada63af14\lombok-1.18.34.jar;C:\Users\Admin\Desktop\luxury2\.gradle\loom-cache\remapped_mods\remapped\net\fabricmc\fabric-api\fabric-api-46549a5a\0.119.4+1.21.4\fabric-api-46549a5a-0.119.4+1.21.4.jar;C:\Users\Admin\Desktop\luxury2\.gradle\loom-cache\remapped_mods\remapped\net\fabricmc\fabric-api\fabric-transfer-api-v1-46549a5a\5.4.9+efa825c904\fabric-transfer-api-v1-46549a5a-5.4.9+efa825c904.jar;C:\Users\Admin\Desktop\luxury2\.gradle\loom-cache\remapped_mods\remapped\net\fabricmc\fabric-api\fabric-api-lookup-api-v1-46549a5a\1.6.86+b1caf1e904\fabric-api-lookup-api-v1-46549a5a-1.6.86+b1caf1e904.jar;C:\Users\Admin\Desktop\luxury2\.gradle\loom-cache\remapped_mods\remapped\net\fabricmc\fabric-api\fabric-blockrenderlayer-v1-46549a5a\2.0.8+7feeb73304\fabric-blockrenderlayer-v1-46549a5a-2.0.8+7feeb73304.jar;C:\Users\Admin\Desktop\luxury2\.gradle\loom-cache\remapped_mods\remapped\net\fabricmc\fabric-api\fabric-client-tags-api-v1-46549a5a\1.1.29+20ea1e2304\fabric-client-tags-api-v1-46549a5a-1.1.29+20ea1e2304.jar;C:\Users\Admin\Desktop\luxury2\.gradle\loom-cache\remapped_mods\remapped\net\fabricmc\fabric-api\fabric-command-api-v1-46549a5a\1.2.62+f71b366f04\fabric-command-api-v1-46549a5a-1.2.62+f71b366f04.jar;C:\Users\Admin\Desktop\luxury2\.gradle\loom-cache\remapped_mods\remapped\net\fabricmc\fabric-api\fabric-commands-v0-46549a5a\0.2.79+df3654b304\fabric-commands-v0-46549a5a-0.2.79+df3654b304.jar;C:\Users\Admin\Desktop\luxury2\.gradle\loom-cache\remapped_mods\remapped\net\fabricmc\fabric-api\fabric-command-api-v2-46549a5a\2.2.41+e496eb1504\fabric-command-api-v2-46549a5a-2.2.41+e496eb1504.jar;C:\Users\Admin\Desktop\luxury2\.gradle\loom-cache\remapped_mods\remapped\net\fabricmc\fabric-api\fabric-content-registries-v0-46549a5a\9.1.19+25d1a67604\fabric-content-registries-v0-46549a5a-9.1.19+25d1a67604.jar;C:\Users\Admin\Desktop\luxury2\.gradle\loom-cache\remapped_mods\remapped\net\fabricmc\fabric-api\fabric-data-generation-api-v1-46549a5a\22.3.1+0f4e5f5504\fabric-data-generation-api-v1-46549a5a-22.3.1+0f4e5f5504.jar;C:\Users\Admin\Desktop\luxury2\.gradle\loom-cache\remapped_mods\remapped\net\fabricmc\fabric-api\fabric-convention-tags-v1-46549a5a\2.1.20+7f945d5b04\fabric-convention-tags-v1-46549a5a-2.1.20+7f945d5b04.jar;C:\Users\Admin\Desktop\luxury2\.gradle\loom-cache\remapped_mods\remapped\net\fabricmc\fabric-api\fabric-convention-tags-v2-46549a5a\2.14.1+aebda09404\fabric-convention-tags-v2-46549a5a-2.14.1+aebda09404.jar;C:\Users\Admin\Desktop\luxury2\.gradle\loom-cache\remapped_mods\remapped\net\fabricmc\fabric-api\fabric-data-attachment-api-v1-46549a5a\1.6.2+e99da0f704\fabric-data-attachment-api-v1-46549a5a-1.6.2+e99da0f704.jar;C:\Users\Admin\Desktop\luxury2\.gradle\loom-cache\remapped_mods\remapped\net\fabricmc\fabric-api\fabric-entity-events-v1-46549a5a\2.0.15+62245bef04\fabric-entity-events-v1-46549a5a-2.0.15+62245bef04.jar;C:\Users\Admin\Desktop\luxury2\.gradle\loom-cache\remapped_mods\remapped\net\fabricmc\fabric-api\fabric-events-interaction-v0-46549a5a\4.0.4+a4eebcf004\fabric-events-interaction-v0-46549a5a-4.0.4+a4eebcf004.jar;C:\Users\Admin\Desktop\luxury2\.gradle\loom-cache\remapped_mods\remapped\net\fabricmc\fabric-api\fabric-gametest-api-v1-46549a5a\2.0.26+7feeb73304\fabric-gametest-api-v1-46549a5a-2.0.26+7feeb73304.jar;C:\Users\Admin\Desktop\luxury2\.gradle\loom-cache\remapped_mods\remapped\net\fabricmc\fabric-api\fabric-item-api-v1-46549a5a\11.4.0+189dd6fe04\fabric-item-api-v1-46549a5a-11.4.0+189dd6fe04.jar;C:\Users\Admin\Desktop\luxury2\.gradle\loom-cache\remapped_mods\remapped\net\fabricmc\fabric-api\fabric-item-group-api-v1-46549a5a\4.2.2+fcb9601404\fabric-item-group-api-v1-46549a5a-4.2.2+fcb9601404.jar;C:\Users\Admin\Desktop\luxury2\.gradle\loom-cache\remapped_mods\remapped\net\fabricmc\fabric-api\fabric-lifecycle-events-v1-46549a5a\2.5.4+bf2a60eb04\fabric-lifecycle-events-v1-46549a5a-2.5.4+bf2a60eb04.jar;C:\Users\Admin\Desktop\luxury2\.gradle\loom-cache\remapped_mods\remapped\net\fabricmc\fabric-api\fabric-loot-api-v2-46549a5a\3.0.38+3f89f5a504\fabric-loot-api-v2-46549a5a-3.0.38+3f89f5a504.jar;C:\Users\Admin\Desktop\luxury2\.gradle\loom-cache\remapped_mods\remapped\net\fabricmc\fabric-api\fabric-loot-api-v3-46549a5a\1.0.26+203e6b2304\fabric-loot-api-v3-46549a5a-1.0.26+203e6b2304.jar;C:\Users\Admin\Desktop\luxury2\.gradle\loom-cache\remapped_mods\remapped\net\fabricmc\fabric-api\fabric-message-api-v1-46549a5a\6.0.26+238a33c004\fabric-message-api-v1-46549a5a-6.0.26+238a33c004.jar;C:\Users\Admin\Desktop\luxury2\.gradle\loom-cache\remapped_mods\remapped\net\fabricmc\fabric-api\fabric-model-loading-api-v1-46549a5a\4.3.0+ae23723504\fabric-model-loading-api-v1-46549a5a-4.3.0+ae23723504.jar;C:\Users\Admin\Desktop\luxury2\.gradle\loom-cache\remapped_mods\remapped\net\fabricmc\fabric-api\fabric-recipe-api-v1-46549a5a\8.1.1+640e77ae04\fabric-recipe-api-v1-46549a5a-8.1.1+640e77ae04.jar;C:\Users\Admin\Desktop\luxury2\.gradle\loom-cache\remapped_mods\remapped\net\fabricmc\fabric-api\fabric-screen-handler-api-v1-46549a5a\1.3.118+7feeb73304\fabric-screen-handler-api-v1-46549a5a-1.3.118+7feeb73304.jar;C:\Users\Admin\Desktop\luxury2\.gradle\loom-cache\remapped_mods\remapped\net\fabricmc\fabric-api\fabric-registry-sync-v0-46549a5a\6.1.11+4a9c1ece04\fabric-registry-sync-v0-46549a5a-6.1.11+4a9c1ece04.jar;C:\Users\Admin\Desktop\luxury2\.gradle\loom-cache\remapped_mods\remapped\net\fabricmc\fabric-api\fabric-networking-api-v1-46549a5a\4.4.0+db5e668204\fabric-networking-api-v1-46549a5a-4.4.0+db5e668204.jar;C:\Users\Admin\Desktop\luxury2\.gradle\loom-cache\remapped_mods\remapped\net\fabricmc\fabric-api\fabric-object-builder-api-v1-46549a5a\18.0.14+38b0d59804\fabric-object-builder-api-v1-46549a5a-18.0.14+38b0d59804.jar;C:\Users\Admin\Desktop\luxury2\.gradle\loom-cache\remapped_mods\remapped\net\fabricmc\fabric-api\fabric-particles-v1-46549a5a\4.0.14+7feeb73304\fabric-particles-v1-46549a5a-4.0.14+7feeb73304.jar;C:\Users\Admin\Desktop\luxury2\.gradle\loom-cache\remapped_mods\remapped\net\fabricmc\fabric-api\fabric-renderer-indigo-46549a5a\2.0.3+50f0feb204\fabric-renderer-indigo-46549a5a-2.0.3+50f0feb204.jar;C:\Users\Admin\Desktop\luxury2\.gradle\loom-cache\remapped_mods\remapped\net\fabricmc\fabric-api\fabric-renderer-api-v1-46549a5a\5.0.3+50f0feb204\fabric-renderer-api-v1-46549a5a-5.0.3+50f0feb204.jar;C:\Users\Admin\Desktop\luxury2\.gradle\loom-cache\remapped_mods\remapped\net\fabricmc\fabric-api\fabric-rendering-fluids-v1-46549a5a\3.1.19+7feeb73304\fabric-rendering-fluids-v1-46549a5a-3.1.19+7feeb73304.jar;C:\Users\Admin\Desktop\luxury2\.gradle\loom-cache\remapped_mods\remapped\net\fabricmc\fabric-api\fabric-rendering-v1-46549a5a\10.2.1+0d31b09f04\fabric-rendering-v1-46549a5a-10.2.1+0d31b09f04.jar;C:\Users\Admin\Desktop\luxury2\.gradle\loom-cache\remapped_mods\remapped\net\fabricmc\fabric-api\fabric-tag-api-v1-46549a5a\1.0.7+7d48d43904\fabric-tag-api-v1-46549a5a-1.0.7+7d48d43904.jar;C:\Users\Admin\Desktop\luxury2\.gradle\loom-cache\remapped_mods\remapped\net\fabricmc\fabric-api\fabric-resource-loader-v0-46549a5a\3.1.1+360374ac04\fabric-resource-loader-v0-46549a5a-3.1.1+360374ac04.jar;C:\Users\Admin\Desktop\luxury2\.gradle\loom-cache\remapped_mods\remapped\net\fabricmc\fabric-api\fabric-screen-api-v1-46549a5a\2.0.38+7feeb73304\fabric-screen-api-v1-46549a5a-2.0.38+7feeb73304.jar;C:\Users\Admin\Desktop\luxury2\.gradle\loom-cache\remapped_mods\remapped\net\fabricmc\fabric-api\fabric-api-base-46549a5a\0.4.54+b47eab6b04\fabric-api-base-46549a5a-0.4.54+b47eab6b04.jar;C:\Users\Admin\Desktop\luxury2\.gradle\loom-cache\remapped_mods\remapped\net\fabricmc\fabric-api\fabric-biome-api-v1-46549a5a\15.0.6+b1c29d8e04\fabric-biome-api-v1-46549a5a-15.0.6+b1c29d8e04.jar;C:\Users\Admin\Desktop\luxury2\.gradle\loom-cache\remapped_mods\remapped\net\fabricmc\fabric-api\fabric-block-api-v1-46549a5a\1.0.31+7feeb73304\fabric-block-api-v1-46549a5a-1.0.31+7feeb73304.jar;C:\Users\Admin\Desktop\luxury2\.gradle\loom-cache\remapped_mods\remapped\net\fabricmc\fabric-api\fabric-rendering-data-attachment-v1-46549a5a\0.3.58+73761d2e04\fabric-rendering-data-attachment-v1-46549a5a-0.3.58+73761d2e04.jar;C:\Users\Admin\Desktop\luxury2\.gradle\loom-cache\remapped_mods\remapped\net\fabricmc\fabric-api\fabric-block-view-api-v2-46549a5a\1.0.20+9c49cc8c04\fabric-block-view-api-v2-46549a5a-1.0.20+9c49cc8c04.jar;C:\Users\Admin\Desktop\luxury2\.gradle\loom-cache\remapped_mods\remapped\net\fabricmc\fabric-api\fabric-client-gametest-api-v1-46549a5a\4.1.1+6816ccd404\fabric-client-gametest-api-v1-46549a5a-4.1.1+6816ccd404.jar;C:\Users\Admin\Desktop\luxury2\.gradle\loom-cache\remapped_mods\remapped\net\fabricmc\fabric-api\fabric-crash-report-info-v1-46549a5a\0.3.6+7feeb73304\fabric-crash-report-info-v1-46549a5a-0.3.6+7feeb73304.jar;C:\Users\Admin\Desktop\luxury2\.gradle\loom-cache\remapped_mods\remapped\net\fabricmc\fabric-api\fabric-dimensions-v1-46549a5a\4.0.10+7feeb73304\fabric-dimensions-v1-46549a5a-4.0.10+7feeb73304.jar;C:\Users\Admin\Desktop\luxury2\.gradle\loom-cache\remapped_mods\remapped\net\fabricmc\fabric-api\fabric-game-rule-api-v1-46549a5a\1.0.63+7d48d43904\fabric-game-rule-api-v1-46549a5a-1.0.63+7d48d43904.jar;C:\Users\Admin\Desktop\luxury2\.gradle\loom-cache\remapped_mods\remapped\net\fabricmc\fabric-api\fabric-keybindings-v0-46549a5a\0.2.55+df3654b304\fabric-keybindings-v0-46549a5a-0.2.55+df3654b304.jar;C:\Users\Admin\Desktop\luxury2\.gradle\loom-cache\remapped_mods\remapped\net\fabricmc\fabric-api\fabric-key-binding-api-v1-46549a5a\1.0.57+7d48d43904\fabric-key-binding-api-v1-46549a5a-1.0.57+7d48d43904.jar;C:\Users\Admin\Desktop\luxury2\.gradle\loom-cache\remapped_mods\remapped\net\fabricmc\fabric-api\fabric-resource-conditions-api-v1-46549a5a\5.0.13+203e6b2304\fabric-resource-conditions-api-v1-46549a5a-5.0.13+203e6b2304.jar;C:\Users\Admin\Desktop\luxury2\.gradle\loom-cache\remapped_mods\remapped\net\fabricmc\fabric-api\fabric-sound-api-v1-46549a5a\1.0.32+7feeb73304\fabric-sound-api-v1-46549a5a-1.0.32+7feeb73304.jar;C:\Users\Admin\Desktop\luxury2\.gradle\loom-cache\remapped_mods\remapped\net\fabricmc\fabric-api\fabric-transitive-access-wideners-v1-46549a5a\6.3.2+56e78b9b04\fabric-transitive-access-wideners-v1-46549a5a-6.3.2+56e78b9b04.jar;C:\Users\Admin\.gradle\caches\modules-2\files-2.1\org.jetbrains.kotlinx\kotlinx-serialization-core-jvm\1.6.3\6b6c17d0312ba7192893adea9d52959941d0119b\kotlinx-serialization-core-jvm-1.6.3.jar;C:\Users\Admin\.gradle\caches\modules-2\files-2.1\org.jetbrains.kotlin\kotlin-stdlib\1.9.22\d6c44cd08d8f3f9bece8101216dbe6553365c6e3\kotlin-stdlib-1.9.22.jar;C:\Users\Admin\.gradle\caches\modules-2\files-2.1\org.jline\jline-reader\3.20.0\8f15415b022a25b473e8e16c28ae913186ffb9c4\jline-reader-3.20.0.jar;C:\Users\Admin\.gradle\caches\modules-2\files-2.1\org.jetbrains\annotations\13.0\919f0dfe192fb4e063e7dacadee7f8bb9a2672a9\annotations-13.0.jar;C:\Users\Admin\.gradle\caches\modules-2\files-2.1\org.jline\jline-terminal\3.20.0\d0ddcc708ddf527a3454c941b7b9225cc83a15ff\jline-terminal-3.20.0.jar;C:\Users\Admin\.gradle\caches\modules-2\files-2.1\com.github.jnr\jnr-constants\0.10.4\9f6f23763bf40ea7b56391791f574174914430a\jnr-constants-0.10.4.jar;C:\Users\Admin\.gradle\caches\modules-2\files-2.1\com.github.jnr\jffi\1.3.12\a439d46fb5d5d9539f16db7d574c7aafb952874a\jffi-1.3.12.jar;C:\Users\Admin\.gradle\caches\modules-2\files-2.1\com.github.jnr\jffi\1.3.12\ebd0e45f447d80c16fbf2a82ff0253de28837b41\jffi-1.3.12-native.jar;C:\Users\Admin\.gradle\caches\modules-2\files-2.1\com.github.jnr\jnr-a64asm\1.0.0\a1cb8dbe71b5a6a0288043c3ba3ca64545be165\jnr-a64asm-1.0.0.jar;C:\Users\Admin\.gradle\caches\modules-2\files-2.1\com.github.jnr\jnr-x86asm\1.0.2\6936bbd6c5b235665d87bd450f5e13b52d4b48\jnr-x86asm-1.0.2.jar
Launcher Type: SUN_STANDARD

[Global flags]
     intx CICompilerCount                          = 3                                         {product} {ergonomic}
     uint ConcGCThreads                            = 1                                         {product} {ergonomic}
     uint G1ConcRefinementThreads                  = 4                                         {product} {ergonomic}
   size_t G1HeapRegionSize                         = 2097152                                   {product} {ergonomic}
    uintx GCDrainStackTargetSize                   = 64                                        {product} {ergonomic}
   size_t InitialHeapSize                          = 201326592                                 {product} {ergonomic}
   size_t MarkStackSize                            = 4194304                                   {product} {ergonomic}
   size_t MaxHeapSize                              = 3206545408                                {product} {ergonomic}
   size_t MaxNewSize                               = 1923088384                                {product} {ergonomic}
   size_t MinHeapDeltaBytes                        = 2097152                                   {product} {ergonomic}
   size_t MinHeapSize                              = 8388608                                   {product} {ergonomic}
    uintx NonNMethodCodeHeapSize                   = 5832780                                {pd product} {ergonomic}
    uintx NonProfiledCodeHeapSize                  = 122912730                              {pd product} {ergonomic}
    uintx ProfiledCodeHeapSize                     = 122912730                              {pd product} {ergonomic}
    uintx ReservedCodeCacheSize                    = 251658240                              {pd product} {ergonomic}
     bool SegmentedCodeCache                       = true                                      {product} {ergonomic}
   size_t SoftMaxHeapSize                          = 3206545408                             {manageable} {ergonomic}
     bool UseCompressedOops                        = true                           {product lp64_product} {ergonomic}
     bool UseG1GC                                  = true                                      {product} {ergonomic}
     bool UseLargePagesIndividualAllocation        = false                                  {pd product} {ergonomic}

Logging:
Log output configuration:
 #0: stdout all=warning uptime,level,tags foldmultilines=false
 #1: stderr all=off uptime,level,tags foldmultilines=false

Environment Variables:
PATH=C:\Program Files (x86)\NVIDIA Corporation\PhysX\Common;C:\Program Files\Common Files\Oracle\Java\javapath;C:\Program Files\Python311\Scripts\;C:\Program Files\Python311\;C:\Program Files\Python310\Scripts\;C:\Program Files\Python310\;C:\Program Files\Eclipse Adoptium\jdk-17.0.1.12-hotspot\bin;C:\Windows\system32;C:\Windows;C:\Windows\System32\Wbem;C:\Windows\System32\WindowsPowerShell\v1.0\;C:\Windows\System32\OpenSSH\;C:\Program Files\Cloudflare\Cloudflare WARP\;e:\cursor\resources\app\bin;C:\Program Files\Git\cmd;C:\Program Files\dotnet\;D:\Windows Kits\10\Windows Performance Toolkit\;D:\cursor\resources\app\bin;C:\Users\Admin\AppData\Local\Programs\Python\Python38-32\Scripts\;C:\Users\Admin\AppData\Local\Programs\Python\Python38-32\;C:\Users\Admin\AppData\Local\Microsoft\WindowsApps;;C:\Users\Admin\IntelliJ IDEA 2025.1.3\bin;C:\Program Files (x86)\rubberband;;E:\cursor\resources\app\bin;D:\IntelliJ IDEA Community Edition 2025.2.1\bin;E:\Microsoft VS Code\bin
USERNAME=Admin
OS=Windows_NT
PROCESSOR_IDENTIFIER=Intel64 Family 6 Model 158 Stepping 10, GenuineIntel
TMP=C:\Users\Admin\AppData\Local\Temp
TEMP=C:\Users\Admin\AppData\Local\Temp




Periodic native trim disabled

---------------  S Y S T E M  ---------------

OS:
 Windows 11 , 64 bit Build 22621 (10.0.22621.3371)
OS uptime: 0 days 1:56 hours

CPU: total 4 (initial active 4) (2 cores per cpu, 2 threads per core) family 6 model 158 stepping 10 microcode 0xde, cx8, cmov, fxsr, ht, mmx, 3dnowpref, sse, sse2, sse3, ssse3, sse4.1, sse4.2, popcnt, lzcnt, tsc, tscinvbit, aes, erms, clmul, clflush, clflushopt, rdtscp
Processor Information for the first 4 processors :
  Max Mhz: 3696, Current Mhz: 3696, Mhz Limit: 3696

Memory: 4k page, system-wide physical 12230M (1463M free)
TotalPageFile size 32710M (AvailPageFile size 238M)
current process WorkingSet (physical memory assigned to process): 512M, peak: 522M
current process commit charge ("private bytes"): 554M, peak: 894M

vm_info: OpenJDK 64-Bit Server VM (21.0.8+9-LTS) for windows-amd64 JRE (21.0.8+9-LTS), built on 2025-07-09T19:22:31Z by "Administrator" with MS VC++ 16.10 / 16.11 (VS2019)

END.
